00.jpg
01.jpg
02.jpg
03.jpg
04.jpg
05.jpg
06.jpg
07.jpg
08.jpg
09.jpg
10.jpg
11.jpg
12.jpg
13.jpg
14.jpg
15.jpg
16.jpg
17.jpg
18.jpg
19.jpg
20.jpg
21.jpg
22.jpg
23.jpg
24.jpg
25.jpg
26.jpg
27.jpg
28.jpg
29.jpg
ata_a26.wav
beat.wav
BGM074.ogg
BGM074.ogg.sli
bgstaff000.png
bgstaff0a0.png
bgstaff0a1.png
bgstaff0b0.png
bgstaff0b1.png
bgstaff0c0.png
bgstaff0c1.png
bgstaff0d0.png
bgstaff0d1.png
bgstaff0d2.png
bgstaff0e0.png
bgstaff0e1.png
bgstaff0f0.png
bgstaff0f1.png
bgstaff0g0.png
bgstaff0g1.png
bgstaff0g2.png
bgstaff0h.jpg
bite.wav
bite1.wav
biyon.wav
black.jpg
black.png
boil.wav
botan_b13.wav
botan_b15.wav
botan_b19.wav
botan_b21.wav
cbcg01a_000.png
cbcg01a_001.png
cbcg01a_002.png
cbcg01a_003.png
cbcg01a_004.png
cbcg01a_005.png
cbcg01a_006.png
cbcg01a_007.png
cbcg01a_008.png
cbcg01a_009.png
cbcg01a_010.png
cbcg01a_011.png
cbcg01a_012.png
cbcg01a_013.png
cbcg01a_014.png
cbcg01a_015.png
cbcg01a_016.png
cbcg01a_017.png
cbcg01a_018.png
cbcg01a_019.png
cbcg01a_020.png
cbcg01a_021.png
cbcg01a_022.png
cbcg01a_023.png
cbcg01a_024.png
cbcg01a_025.png
cbcg01a_026.png
cbcg01a_027.png
cbcg01a_028.png
cbcg01a_029.png
cbcg01a_030.png
cbcg01a_031.png
cbcg01a_032.png
cbcg01a_033.png
cbcg01a_034.png
cbcg01a_035.png
cbcg01a_036.png
cbcg01a_037.png
cbcg01a_038.png
cbcg01a_039.png
cbcg01a_040.png
cbcg01a_041.png
cbcg01a_042.png
cbcg01a_043.png
cbcg01a_044.png
cbcg01a_045.png
cbcg01a_046.png
cbcg01a_047.png
cbcg01a_048.png
cbcg01a_049.png
cbcg01a_050.png
cbcg01a_051.png
cbcg01a_052.png
cbcg01a_053.png
cbcg01a_054.png
cbcg01a_055.png
cbcg01a_056.png
cbcg01a_057.png
cbcg01a_058.png
cbcg01a_059.png
cbcg01a_060.png
cbcg01a_061.png
cbcg01a_062.png
cbcg01a_063.png
cbcg01a_064.png
cbcg01a_065.png
cbcg01a_066.png
cbcg01a_067.png
cbcg01a_068.png
cbcg01a_069.png
cbcg01a_070.png
cbcg01a_071.png
cbcg01a_072.png
cbcg01a_073.png
cbcg01a_074.png
cbcg01a_075.png
cbcg01a_076.png
cbcg01a_077.png
cbcg01a_078.png
cbcg01a_079.png
cbcg01a_080.png
cbcg01a_081.png
cbcg01a_082.png
cbcg01a_083.png
cbcg01a_084.png
cbcg01a_085.png
cbcg01a_086.png
cbcg01a_087.png
cbcg01a_088.png
cbcg01a_089.png
cbcg01a_090.png
cbcg01a_091.png
cbcg01a_092.png
cbcg01a_093.png
cbcg01a_094.png
cbcg01a_095.png
cbcg01a_096.png
cbcg01a_097.png
cbcg01a_098.png
cbcg01a_099.png
cbcg01b_000.png
cbcg01b_001.png
cbcg01b_002.png
cbcg01b_003.png
cbcg01b_004.png
cbcg01b_005.png
cbcg01b_006.png
cbcg01b_007.png
cbcg01b_008.png
cbcg01b_009.png
cbcg01b_010.png
cbcg01b_011.png
cbcg01b_012.png
cbcg01b_013.png
cbcg01b_014.png
cbcg01b_015.png
cbcg01b_016.png
cbcg01b_017.png
cbcg01b_018.png
cbcg01b_019.png
cbcg01b_020.png
cbcg01b_021.png
cbcg01b_022.png
cbcg01b_023.png
cbcg01b_024.png
cbcg01b_025.png
cbcg01b_026.png
cbcg01b_027.png
cbcg01b_028.png
cbcg01b_029.png
cbcg01b_030.png
cbcg01b_031.png
cbcg01b_032.png
cbcg01b_033.png
cbcg01b_034.png
cbcg01b_035.png
cbcg01b_036.png
cbcg01b_037.png
cbcg01b_038.png
cbcg01b_039.png
cbcg01b_040.png
cbcg01b_041.png
cbcg01b_042.png
cbcg01b_043.png
cbcg01b_044.png
cbcg01b_045.png
cbcg01b_046.png
cbcg01b_047.png
cbcg01b_048.png
cbcg01b_049.png
cbcg01b_050.png
cbcg01b_051.png
cbcg01b_052.png
cbcg01b_053.png
cbcg01b_054.png
cbcg01b_055.png
cbcg01b_056.png
cbcg01b_057.png
cbcg01b_058.png
cbcg01b_059.png
cbcg01b_060.png
cbcg01b_061.png
cbcg01b_062.png
cbcg01b_063.png
cbcg01b_064.png
cbcg01b_065.png
cbcg01b_066.png
cbcg01b_067.png
cbcg01b_068.png
cbcg01b_069.png
cbcg01b_070.png
cbcg01b_071.png
cbcg01b_072.png
cbcg01b_073.png
cbcg01b_074.png
cbcg01b_075.png
cbcg01b_076.png
cbcg01b_077.png
cbcg01b_078.png
cbcg01b_079.png
cbcg01b_080.png
cbcg01b_081.png
cbcg01b_082.png
cbcg01b_083.png
cbcg01b_084.png
cbcg01b_085.png
cbcg01b_086.png
cbcg01b_087.png
cbcg01b_088.png
cbcg01b_089.png
cbcg01b_090.png
cbcg01b_091.png
cbcg01b_092.png
cbcg01b_093.png
cbcg01b_094.png
cbcg01b_095.png
cbcg01b_096.png
cbcg01b_097.png
cbcg01b_098.png
cbcg01b_099.png
cbcg01c_041.png
cbcg01c_042.png
cbcg01c_043.png
cbcg01c_044.png
cbcg01c_045.png
cbcg01c_046.png
cbcg01c_047.png
cbcg01c_048.png
cbcg01c_049.png
cbcg01d_030.png
cbcg01d_031.png
cbcg01d_032.png
cbcg01d_033.png
cbcg01d_034.png
cbcg01d_042.png
cbcg01d_043.png
cbcg01d_046.png
cbcg01d_078.png
cbcg01d_089.png
cbcg01d_090.png
cbcg01d_097.png
cbcg01e_033.png
cbcg01e_047.png
cbcg01e_097.png
cbcg01x_001.png
cbcg01x_002.png
cbcg01x_003.png
cbcg01x_004.png
cbcg01x_005.png
cbcg01x_006.png
cbcg01x_007.png
cbcg01x_008.png
cbcg02a_000.png
cbcg02a_001.png
cbcg02a_002.png
cbcg02a_003.png
cbcg02a_004.png
cbcg02a_005.png
cbcg02a_006.png
cbcg02a_007.png
cbcg02a_008.png
cbcg02a_009.png
cbcg02a_010.png
cbcg02a_011.png
cbcg02a_012.png
cbcg02a_013.png
cbcg02a_014.png
cbcg02a_015.png
cbcg02a_016.png
cbcg02a_017.png
cbcg02a_018.png
cbcg02a_019.png
cbcg02a_020.png
cbcg02a_021.png
cbcg02a_022.png
cbcg02a_023.png
cbcg02a_024.png
cbcg02a_025.png
cbcg02a_026.png
cbcg02a_027.png
cbcg02a_028.png
cbcg02a_029.png
cbcg02a_030.png
cbcg02a_031.png
cbcg02a_032.png
cbcg02a_033.png
cbcg02a_034.png
cbcg02a_035.png
cbcg02a_036.png
cbcg02a_037.png
cbcg02a_038.png
cbcg02a_039.png
cbcg02a_040.png
cbcg02a_041.png
cbcg02sp_000.png
cbcg02sp_001.png
cbcg02sp_002.png
cbcg04a_000.png
cbcg04a_001.png
cbcg04a_002.png
cbcg04a_003.png
cbcg04a_004.png
cbcg04a_005.png
cbcg04a_006.png
cbcg04a_007.png
cbcg04a_008.png
cbcg04a_009.png
cbcg04a_010.png
cbcg04a_011.png
cbcg04a_012.png
cbcg04a_013.png
cbcg04a_014.png
cbcg04a_015.png
cbcg04a_016.png
cbcg04a_017.png
cbcg04a_018.png
cbcg04a_019.png
cbcg04a_020.png
cbcg04a_021.png
cbcg04a_022.png
cbcg04a_023.png
cbcg04a_024.png
cbcg04a_025.png
cbcg04a_026.png
cbcg04a_027.png
cbcg04a_028.png
cbcg04a_029.png
cbcg04a_030.png
cbcg04a_031.png
cbcg04a_032.png
cbcg04a_033.png
cbcg04a_034.png
cbcg04a_035.png
cbcg04a_036.png
cbcg04a_037.png
cbcg04a_038.png
cbcg04a_039.png
cbcg04a_040.png
cbcg04a_041.png
cbcg04asp_000.png
cbcg04asp_001.png
cbcg04asp_002.png
cbcg04b_000.png
cbcg04b_001.png
cbcg04b_002.png
cbcg04b_003.png
cbcg04b_004.png
cbcg04b_005.png
cbcg04b_006.png
cbcg04b_007.png
cbcg04b_008.png
cbcg04b_009.png
cbcg04b_010.png
cbcg04b_011.png
cbcg04b_012.png
cbcg04b_013.png
cbcg04b_014.png
cbcg04b_015.png
cbcg04b_016.png
cbcg04b_017.png
cbcg04b_018.png
cbcg04b_019.png
cbcg04b_020.png
cbcg04b_021.png
cbcg04b_022.png
cbcg04b_023.png
cbcg04b_024.png
cbcg04b_025.png
cbcg04b_026.png
cbcg04b_027.png
cbcg04b_028.png
cbcg04b_029.png
cbcg04b_030.png
cbcg04b_031.png
cbcg04b_032.png
cbcg04b_033.png
cbcg04b_034.png
cbcg04b_035.png
cbcg04b_036.png
cbcg04b_037.png
cbcg04b_038.png
cbcg04b_039.png
cbcg04b_040.png
cbcg04b_041.png
cbcg06a_000.png
cbcg06a_001.png
cbcg06a_002.png
cbcg06a_003.png
cbcg06a_004.png
cbcg06a_005.png
cbcg06a_006.png
cbcg06a_007.png
cbcg06a_008.png
cbcg06a_009.png
cbcg06a_010.png
cbcg06a_011.png
cbcg06a_012.png
cbcg06a_013.png
cbcg06a_014.png
cbcg06a_015.png
cbcg06a_016.png
cbcg06a_017.png
cbcg06a_018.png
cbcg06a_019.png
cbcg06a_020.png
cbcg06a_021.png
cbcg06a_022.png
cbcg06a_023.png
cbcg06a_024.png
cbcg06a_025.png
cbcg06a_026.png
cbcg06a_027.png
cbcg06a_028.png
cbcg06a_029.png
cbcg06a_030.png
cbcg06a_031.png
cbcg06a_032.png
cbcg06a_033.png
cbcg06a_034.png
cbcg06a_035.png
cbcg06a_036.png
cbcg07a_000.png
cbcg07a_001.png
cbcg07a_002.png
cbcg07a_003.png
cbcg07a_004.png
cbcg07a_005.png
cbcg07a_006.png
cbcg07a_007.png
cbcg07a_008.png
cbcg07a_009.png
cbcg07a_010.png
cbcg07a_011.png
cbcg07a_012.png
cbcg07a_013.png
cbcg07a_014.png
cbcg07a_015.png
cbcg07a_016.png
cbcg07a_017.png
cbcg07a_018.png
cbcg07a_019.png
cbcg07a_020.png
cbcg07a_021.png
cbcg07a_022.png
cbcg07a_023.png
cbcg07a_024.png
cbcg07a_025.png
cbcg07a_026.png
cbcg07a_027.png
cbcg07a_028.png
cbcg07a_029.png
cbcg07a_030.png
cbcg07a_031.png
cbcg07a_032.png
cbcg07a_033.png
cbcg07a_034.png
cbcg07a_035.png
cbcg07a_036.png
cbcg07a_037.png
cbcg07a_038.png
cbcg07a_039.png
cbcg07a_040.png
cbcg07a_041.png
cbcg07a_042.png
cbcg07a_043.png
cbcg07a_044.png
cbcg07a_045.png
cbcg07a_046.png
cbcg07a_047.png
cbcg07a_048.png
cbcg07a_049.png
cbcg07a_050.png
cbcg07a_051.png
cbcg07a_052.png
cbcg07a_053.png
cbcg07a_054.png
cbcg07a_055.png
cbcg07a_056.png
cbcg07a_057.png
cbcg07a_058.png
cbcg07a_059.png
cbcg07a_060.png
cbcg07a_061.png
cbcg07a_062.png
cbcg07a_063.png
cbcg07a_064.png
cbcg07a_065.png
cbcg07a_066.png
cbcg07a_067.png
cbcg07a_068.png
cbcg07a_069.png
cbcg07a_070.png
cbcg07a_071.png
cbcg07a_072.png
cbcg07a_073.png
cbcg07a_074.png
cbcg07a_075.png
cbcg07a_076.png
cbcg07a_077.png
cbcg07a_078.png
cbcg07a_079.png
cbcg07a_080.png
cbcg07a_081.png
cbcg07a_082.png
cbcg07a_083.png
cbcg07a_084.png
cbcg07a_085.png
cbcg07a_086.png
cbcg07a_087.png
cbcg07a_088.png
cbcg07a_089.png
cbcg07a_090.png
cbcg07a_091.png
cbcg07a_092.png
cbcg07a_093.png
cbcg07a_094.png
cbcg07a_095.png
cbcg07a_096.png
cbcg07a_097.png
cbcg07a_098.png
cbcg08a_00.png
cbcg08a_01.png
cbcg08a_02.png
cbcg08a_03.png
cbcg08a_04.png
cbcg08a_05.png
cbcg08a_06.png
cbcg08a_07.png
cbcg08a_08.png
cbcg08a_09.png
cbcg08a_10.png
cbcg08a_11.png
cbcg08a_12.png
cbcgold101.png
cbcgold102.png
cbcgold103.png
cbcgold104.png
cbcgold105.png
cbcgold106.png
cbcgold107.png
cbcgold108.png
cbcgold201.png
cbcgold202.png
cbcgold203.png
cbcgold204.png
cbcgold205.png
cbcgold206.png
cbcgold301.png
cbcgold302.png
cbcgsp01.png
cbcgsp02.png
cbcgsp03.png
cbcgsp04.png
cbcgsp05.png
cbcgsp06.png
cbcgsp07.png
cbcgsp08.png
cbcgsp09.png
cbcgsp10.png
cbcgsp11.png
cbcgsp12.png
cbcgsp13.png
cbcgsp14.png
cbcgsp15.png
cloth.wav
config.tjs
cvjiaoshou08001.ogg
cvjiaoshou08002.ogg
cvjiaoshou08003.ogg
cvjiaoshou08004.ogg
cvjiaoshou08005.ogg
cvjiaoshou08006.ogg
cvjiaoshou08007.ogg
cvjiaoshou08008.ogg
cvjiaoshou08009.ogg
cvjiaoshou08010.ogg
cvjiaoshou08011.ogg
cvjiaoshou08012.ogg
cvjiaoshou08013.ogg
cvjiaoshou08014.ogg
cvjiaoshou08015.ogg
cvjiaoshou08016.ogg
cvjiaoshou08017.ogg
cvjiaoshou08018.ogg
cvjiaoshou08019.ogg
cvjiaoshou08020.ogg
cvjiaoshou08021.ogg
cvjiaoshou08022.ogg
cvjiaoshou08023.ogg
cvjiaoshou08024.ogg
cvjiaoshou09001.ogg
cvjiaoshou09002.ogg
cvjiaoshou09003.ogg
cvjiaoshou09004.ogg
cvjiaoshou09005.ogg
cvjiaoshou09006.ogg
cvjiaoshou09007.ogg
cvjiaoshou09008.ogg
cvjiaoshou09009.ogg
cvjiaoshou09010.ogg
cvjiaoshou09011.ogg
cvjiaoshou09012.ogg
cvjiaoshou09013.ogg
cvjiaoshou09014.ogg
cvjiaoshou09015.ogg
cvjiaoshou09016.ogg
cvjiaoshou09017.ogg
cvjiaoshou09018.ogg
cvjiaoshou09019.ogg
cvjiaoshou09020.ogg
cvjiaoshou09021.ogg
cvjiaoshou09022.ogg
cvjiaoshou09023.ogg
cvjiaoshou09024.ogg
cvjiaoshou09025.ogg
cvjiaoshou09026.ogg
cvjiaoshou09027.ogg
cvjiaoshou09028.ogg
cvjiaoshou09029.ogg
cvjiaoshou09030.ogg
cvjiaoshou09031.ogg
cvjiaoshou09032.ogg
cvjiaoshou09033.ogg
cvjiaoshou09034.ogg
cvjiaoshou09035.ogg
cvjiaoshou09036.ogg
cvjiaoshou09037.ogg
cvjiaoshou09038.ogg
cvjiaoshou09039.ogg
cvjiaoshou09040.ogg
cvjiaoshou09041.ogg
cvjiaoshou09042.ogg
cvjiaoshou09043.ogg
cvjiaoshou09044.ogg
cvjiaoshou09045.ogg
cvjiaoshou09046.ogg
cvjiaoshou09047.ogg
cvjiaoshou09048.ogg
cvjiaoshou09049.ogg
cvjiaoshou09050.ogg
cvjiaoshou09051.ogg
cvjiaoshou09052.ogg
cvjiaoshou09053.ogg
cvjiaoshou09054.ogg
cvjiaoshou09055.ogg
cvjiaoshou09056.ogg
cvjiaoshou09057.ogg
cvjiaoshou09058.ogg
cvjiaoshou09059.ogg
cvjiaoshou09060.ogg
cvjiaoshou09061.ogg
cvjiaoshou09062.ogg
cvjiaoshou09063.ogg
cvjiaoshou09064.ogg
cvjiaoshou09065.ogg
cvjiaoshou09066.ogg
cvjiaoshou09067.ogg
cvjiaoshou09068.ogg
cvjiaoshou09069.ogg
cvjiaoshou09070.ogg
cvjiaoshou09071.ogg
cvjiaoshou09072.ogg
cvjiaoshou09073.ogg
cvjiaoshou09074.ogg
cvjiaoshou09075.ogg
cvjiaoshou09076.ogg
cvjiaoshou09077.ogg
cvjiaoshou09078.ogg
cvjiaoshou09079.ogg
cvjiaoshou09080.ogg
cvjiaoshou09081.ogg
cvjiaoshou09082.ogg
cvjiaoshou09083.ogg
cvjiaoshou09084.ogg
cvjiaoshou09085.ogg
cvjiaoshou09086.ogg
cvjiaoshou09087.ogg
cvjiaoshou09088.ogg
cvjiaoshou09089.ogg
cvjiaoshou09090.ogg
cvjiaoshou09091.ogg
cvjiaoshou09092.ogg
cvjiaoshou09093.ogg
cvjiaoshou09094.ogg
cvjiaoshou09095.ogg
cvjiaoshou09096.ogg
cvjiaoshou09097.ogg
cvjiaoshou09098.ogg
cvjiaoshou09099.ogg
cvjiaoshou09100.ogg
cvjiaoshou09101.ogg
cvjiaoshou11001.ogg
cvjiaoshou11002.ogg
cvjiaoshou11003.ogg
cvjiaoshou11004.ogg
cvjiaoshou11005.ogg
cvjiaoshou11006.ogg
cvjiaoshou11007.ogg
cvjiaoshou11008.ogg
cvjiaoshou11009.ogg
cvjiaoshou11010.ogg
cvjiaoshou11011.ogg
cvjiaoshou11012.ogg
cvjiaoshou11013.ogg
cvjiaoshou11014.ogg
cvjiaoshou11015.ogg
cvjiaoshou11016.ogg
cvjiaoshou11017.ogg
cvjiaoshou11018.ogg
cvjiaoshou11019.ogg
cvjiaoshou11020.ogg
cvjiaoshou11021.ogg
cvjiaoshou11022.ogg
cvjiaoshou11023.ogg
cvjiaoshou11024.ogg
cvjiaoshou11025.ogg
cvjiaoshou11026.ogg
cvjiaoshou11027.ogg
cvjiaoshou11028.ogg
cvjiaoshou11029.ogg
cvjiaoshou11030.ogg
cvjiaoshou11031.ogg
cvjiaoshou11032.ogg
cvjiaoshou11033.ogg
cvjiaoshou11034.ogg
cvjiaoshou11035.ogg
cvjiaoshou11036.ogg
cvjiaoshou11037.ogg
cvjiaoshou11038.ogg
cvjiaoshou11039.ogg
cvjiaoshou11040.ogg
cvjiaoshou11041.ogg
cvjiaoshou11042.ogg
cvjiaoshou11043.ogg
cvjiaoshou11044.ogg
cvjiaoshou11045.ogg
cvjiaoshou11046.ogg
cvjiaoshou11047.ogg
cvjiaoshou11048.ogg
cvjiaoshou11049.ogg
cvjiaoshou11050.ogg
cvjiaoshou11051.ogg
cvjiaoshou11052.ogg
cvjiaoshou11053.ogg
cvjiaoshou11054.ogg
cvjiaoshou11055.ogg
cvjiaoshou11056.ogg
cvjiaoshou11057.ogg
cvjiaoshou11058.ogg
cvjiaoshou11059.ogg
cvjiaoshou11060.ogg
cvjiaoshou11061.ogg
cvjiaoshou11062.ogg
cvjiaoshou11063.ogg
cvjiaoshou11064.ogg
cvjiaoshou11065.ogg
cvjiaoshou11066.ogg
cvjiaoshou11067.ogg
cvjiaoshou11068.ogg
cvjiaoshou11069.ogg
cvjiaoshou11070.ogg
cvjiaoshou11071.ogg
cvjiaoshou11072.ogg
cvjiaoshou11073.ogg
cvjiaoshou11074.ogg
cvjiaoshou11075.ogg
cvjiaoshou11076.ogg
cvjiaoshou11077.ogg
cvjiaoshou11078.ogg
cvjiaoshou11079.ogg
cvjiaoshou11080.ogg
cvjiaoshou11081.ogg
cvjiaoshou11083.ogg
cvjiaoshou11084.ogg
cvjiaoshou11085.ogg
cvjiaoshou11086.ogg
cvjiaoshou11087.ogg
cvjiaoshou11088.ogg
cvjiaoshou11089.ogg
cvjiaoshou11090.ogg
cvjiaoshou11091.ogg
cvjiaoshou11092.ogg
cvjiaoshou11093.ogg
cvjiaoshou11094.ogg
cvjiaoshou11095.ogg
cvjiaoshou11096.ogg
cvjiaoshou11097.ogg
cvjiaoshou11098.ogg
cvjiaoshou11099.ogg
cvjiaoshou11100.ogg
cvjiaoshou11101.ogg
cvjiaoshou11102.ogg
cvjiaoshou11103.ogg
cvjiaoshou11104.ogg
cvjiaoshou11105.ogg
cvjiaoshou11106.ogg
cvjiaoshou11107.ogg
cvjiaoshou11108.ogg
cvjiaoshou11109.ogg
cvjiaoshou11110.ogg
cvjiaoshou11111.ogg
cvjiaoshou11112.ogg
cvjiaoshou11113.ogg
cvjiaoshou11114.ogg
cvjiaoshou11115.ogg
cvjiaoshou11116.ogg
cvjiaoshou11117.ogg
cvjiaoshou11118.ogg
cvjiaoshou11119.ogg
cvjiaoshou11120.ogg
cvjiaoshou11121.ogg
cvjiaoshou11122.ogg
cvjiaoshou11123.ogg
cvjiaoshou11124.ogg
cvjiaoshou11125.ogg
cvjiaoshou11126.ogg
cvjiaoshou11127.ogg
cvjiaoshou11128.ogg
cvjiaoshou11129.ogg
cvjiaoshou11130.ogg
cvjiaoshou11131.ogg
cvjiaoshou11132.ogg
cvjiaoshou11133.ogg
cvjiaoshou11134.ogg
cvjiaoshou11135.ogg
cvjiaoshou11136.ogg
cvjiaoshou11137.ogg
cvjiaoshou11138.ogg
cvjiaoshou11139.ogg
cvjiaoshou11140.ogg
cvjiaoshou11141.ogg
cvjiaoshou11142.ogg
cvjiaoshou11143.ogg
cvjiaoshou11144.ogg
cvjiaoshou11145.ogg
cvjiaoshou11146.ogg
cvjiaoshou11147.ogg
cvjiaoshou11148.ogg
cvjiaoshou11149.ogg
cvjiaoshou11150.ogg
cvjiaoshou11151.ogg
cvjiaoshou11152.ogg
cvjiaoshou11153.ogg
cvjiaoshou11154.ogg
cvjiaoshou11155.ogg
cvjiaoshou11156.ogg
cvjiaoshou11157.ogg
cvjiaoshou11158.ogg
cvjiaoshou11159.ogg
cvjiaoshou11160.ogg
cvjiaoshou11161.ogg
cvjiaoshou11162.ogg
cvjiaoshou11163.ogg
cvjiaoshou11164.ogg
cvjiaoshou11165.ogg
cvjiaoshou11166.ogg
cvjiaoshou11167.ogg
cvjiaoshou11168.ogg
cvjiaoshou11169.ogg
cvjiaoshou11170.ogg
cvjiaoshou11171.ogg
cvjiaoshou11172.ogg
cvjiaoshou11173.ogg
cvjiaoshou11174.ogg
cvjiaoshou11175.ogg
cvjiaoshou11176.ogg
cvjiaoshou11177.ogg
cvjiaoshou11178.ogg
cvjiaoshou11179.ogg
cvjiaoshou11180.ogg
cvjiaoshou11181.ogg
cvjiaoshou11182.ogg
cvjiaoshou11183.ogg
cvjiaoshou11184.ogg
cvjiaoshou11185.ogg
cvjiaoshou11186.ogg
cvjiaoshou11187.ogg
cvjiaoshou11188.ogg
cvjiaoshou11189.ogg
cvjiaoshou11190.ogg
cvjiaoshou13001.ogg
cvjiaoshou13002.ogg
cvjiaoshou13003.ogg
cvjiaoshou13004.ogg
cvjiaoshou13005.ogg
cvjiaoshou13006.ogg
cvjiaoshou13007.ogg
cvjiaoshou13008.ogg
cvjiaoshou13009.ogg
cvjiaoshou13010.ogg
cvjiaoshou13011.ogg
cvjiaoshou13012.ogg
cvjiaoshou13013.ogg
cvjiaoshou13014.ogg
cvjiaoshou13015.ogg
cvjiaoshou13016.ogg
cvjiaoshou13017.ogg
cvjiaoshou13018.ogg
cvjiaoshou13019.ogg
cvjiaoshou13020.ogg
cvjiaoshou13021.ogg
cvjiaoshou13022.ogg
cvjiaoshou13023.ogg
cvjiaoshou13024.ogg
cvjiaoshou13025.ogg
cvjiaoshou13026.ogg
cvjiaoshou13027.ogg
cvjiaoshou13028.ogg
cvjiaoshou13029.ogg
cvjiaoshou13030.ogg
cvjiaoshou13031.ogg
cvjiaoshou13032.ogg
cvjiaoshou13033.ogg
cvjiaoshou13034.ogg
cvjiaoshou13035.ogg
cvjiaoshou13036.ogg
cvjiaoshou13037.ogg
cvjiaoshou13038.ogg
cvjiaoshou13039.ogg
cvjiaoshou13040.ogg
cvjiaoshou13041.ogg
cvjiaoshou13042.ogg
cvjiaoshou13043.ogg
cvjiaoshou13044.ogg
cvjiaoshou13045.ogg
cvjiaoshou13046.ogg
cvjiaoshou13047.ogg
cvjiaoshou13048.ogg
cvjiaoshou13049.ogg
cvjiaoshou13050.ogg
cvjiaoshou13051.ogg
cvjiaoshou13052.ogg
cvjiaoshou13053.ogg
cvjiaoshou13054.ogg
cvjiaoshou13055.ogg
cvjiaoshou13056.ogg
cvjiaoshou13057.ogg
cvjiaoshou13058.ogg
cvjiaoshou13059.ogg
cvjiaoshou13060.ogg
cvjiaoshou13061.ogg
cvjiaoshou13062.ogg
cvjiaoshou13063.ogg
cvjiaoshou13064.ogg
cvjiaoshou13065.ogg
cvjiaoshou13066.ogg
cvjiaoshou13067.ogg
cvjiaoshou13069.ogg
cvjiaoshou13070.ogg
cvjiaoshou13071.ogg
cvjiaoshou13072.ogg
cvjiaoshou13073.ogg
cvjiaoshou13074.ogg
cvjiaoshou13075.ogg
cvjiaoshou14001.ogg
cvjiaoshou14002.ogg
cvjiaoshou14003.ogg
cvjiaoshou14004.ogg
cvjiaoshou14005.ogg
cvjiaoshou14006.ogg
cvjiaoshou14007.ogg
cvjiaoshou14008.ogg
cvjiaoshou14009.ogg
cvjiaoshou14010.ogg
cvjiaoshou14011.ogg
cvjiaoshou14012.ogg
cvjiaoshou14013.ogg
cvjiaoshou14014.ogg
cvjiaoshou14015.ogg
cvjiaoshou14016.ogg
cvjiaoshou14017.ogg
cvjiaoshou14018.ogg
cvjiaoshou14019.ogg
cvjiaoshou14020.ogg
cvjiaoshou14021.ogg
cvjiaoshou14022.ogg
cvjiaoshou14023.ogg
cvjiaoshou14024.ogg
cvjiaoshou14025.ogg
cvjiaoshou14026.ogg
cvjiaoshou14027.ogg
cvjiaoshou14028.ogg
cvjiaoshou14029.ogg
cvjiaoshou14030.ogg
cvjiaoshou14031.ogg
cvjiaoshou14032.ogg
cvjiaoshou14033.ogg
cvjiaoshou14034.ogg
cvjiaoshou14035.ogg
cvjiaoshou14036.ogg
cvjiaoshou14037.ogg
cvjiaoshou14038.ogg
cvjiaoshou14039.ogg
cvjiaoshou14040.ogg
cvjiaoshou14041.ogg
cvjiaoshou14042.ogg
cvjiaoshou14043.ogg
cvjiaoshou14044.ogg
cvjiaoshou14045.ogg
cvjiaoshou14046.ogg
cvjiaoshou14047.ogg
cvjiaoshou14048.ogg
cvjiaoshou14049.ogg
cvjiaoshou14050.ogg
cvjiaoshou14051.ogg
cvjiaoshou14052.ogg
cvjiaoshou14053.ogg
cvjiaoshou14054.ogg
cvjiaoshou14055.ogg
cvjiaoshou14056.ogg
cvjiaoshou14057.ogg
cvjiaoshou14058.ogg
cvjiaoshou14059.ogg
cvjiaoshou14060.ogg
cvjiaoshou14061.ogg
cvjiaoshou14062.ogg
cvjiaoshou14063.ogg
cvjiaoshou14064.ogg
cvjiaoshou14065.ogg
cvjiaoshou14066.ogg
cvjiaoshou14067.ogg
cvjiaoshou14068.ogg
cvjiaoshou14069.ogg
cvjiaoshou14070.ogg
cvjiaoshou14071.ogg
cvjiaoshou14072.ogg
cvjiaoshou14073.ogg
cvjiaoshou14074.ogg
cvjiaoshou14075.ogg
cvjiaoshou14076.ogg
cvjiaoshou14077.ogg
cvjiaoshou14078.ogg
cvjiaoshou14079.ogg
cvjiaoshou14080.ogg
cvjiaoshou14081.ogg
cvjiaoshou14082.ogg
cvjiaoshou14083.ogg
cvjiaoshou14084.ogg
cvjiaoshou14085.ogg
cvjiaoshou14086.ogg
cvjiaoshou14087.ogg
cvjiaoshou14088.ogg
cvjiaoshou14089.ogg
cvjiaoshou14090.ogg
cvjiaoshou14091.ogg
cvjiaoshou14092.ogg
cvjiaoshou14093.ogg
cvjiaoshou14094.ogg
cvjiaoshou14095.ogg
cvjiaoshou14096.ogg
cvjiaoshou14097.ogg
cvjiaoshou14098.ogg
cvjiaoshou14099.ogg
cvjiaoshou14100.ogg
cvjiaoshou14101.ogg
cvjiaoshou14102.ogg
cvjiaoshou14103.ogg
cvjiaoshou14104.ogg
cvjiaoshou14106.ogg
cvjiaoshou14107.ogg
cvjiaoshou14108.ogg
cvjiaoshou14109.ogg
cvjiaoshou14110.ogg
cvjiaoshou14112.ogg
cvjiaoshou14113.ogg
cvjiaoshou14114.ogg
cvjiaoshou14115.ogg
cvjiaoshou14116.ogg
cvjiaoshou14117.ogg
cvjiaoshou14118.ogg
cvjiaoshou14119.ogg
cvjiaoshou14120.ogg
cvjiaoshou14121.ogg
cvjiaoshou15001.ogg
cvjiaoshou15002.ogg
cvjiaoshou15003.ogg
cvjiaoshou15004.ogg
cvjiaoshou15005.ogg
cvjiaoshou15006.ogg
cvjiaoshou15007.ogg
cvjiaoshou15008.ogg
cvjiaoshou15009.ogg
cvjiaoshou15010.ogg
cvjiaoshou15011.ogg
cvjiaoshou15012.ogg
cvjiaoshou15013.ogg
cvjiaoshou15014.ogg
cvjiaoshou15015.ogg
cvjiaoshou15016.ogg
cvjiaoshou15017.ogg
cvjiaoshou15018.ogg
cvjiaoshou15019.ogg
cvjiaoshou15020.ogg
cvjiaoshou15021.ogg
cvjiaoshou15022.ogg
cvjiaoshou15023.ogg
cvjiaoshou15024.ogg
cvjiaoshou15025.ogg
cvjiaoshou15026.ogg
cvjiaoshou15027.ogg
cvjiaoshou15029.ogg
cvjiaoshou15030.ogg
cvjiaoshou15031.ogg
cvjiaoshou15032.ogg
cvjiaoshou15033.ogg
cvjiaoshou15034.ogg
cvjiaoshou15035.ogg
cvjiaoshou15037.ogg
cvjiaoshou15039.ogg
cvjiaoshou15040.ogg
cvjiaoshou15041.ogg
cvjiaoshou15042.ogg
cvjiaoshou15044.ogg
cvjiaoshou15045.ogg
cvjiaoshou15046.ogg
cvjiaoshou15048.ogg
cvjiaoshou15049.ogg
cvjiaoshou15050.ogg
cvjiaoshou15051.ogg
cvjiaoshou15052.ogg
cvjiaoshou15054.ogg
cvjiaoshou15055.ogg
cvjiaoshou15056.ogg
cvjiaoshou15057.ogg
cvjiaoshou15058.ogg
cvjiaoshou15059.ogg
cvjiaoshou15060.ogg
cvjiaoshou15061.ogg
cvjiaoshou15062.ogg
cvjiaoshou15063.ogg
cvjiaoshou15064.ogg
cvjiaoshou15065.ogg
cvjiaoshou15066.ogg
cvjiaoshou15067.ogg
cvjiaoshou15068.ogg
cvjiaoshou15069.ogg
cvjiaoshou15070.ogg
cvjiaoshou15071.ogg
cvjiaoshou15072.ogg
cvjiaoshou15073.ogg
cvjiaoshou15074.ogg
cvjiaoshou15075.ogg
cvjiaoshou15076.ogg
cvjiaoshou15077.ogg
cvjiaoshou15078.ogg
cvjiaoshou16001.ogg
cvjiaoshou16002.ogg
cvjiaoshou16003.ogg
cvjiaoshou16004.ogg
cvjiaoshou16005.ogg
cvjiaoshou16006.ogg
cvjiaoshou16007.ogg
cvjiaoshou16008.ogg
cvjiaoshou16010.ogg
cvjiaoshou16011.ogg
cvjiaoshou16012.ogg
cvjiaoshou16013.ogg
cvjiaoshou16014.ogg
cvjiaoshou16015.ogg
cvjiaoshou16016.ogg
cvjiaoshou16017.ogg
cvjiaoshou16018.ogg
cvjiaoshou16019.ogg
cvjiaoshou16020.ogg
cvjiaoshou16021.ogg
cvjiaoshou16022.ogg
cvjiaoshou16023.ogg
cvjiaoshou16024.ogg
cvjiaoshou16025.ogg
cvjiaoshou16026.ogg
cvjiaoshou16027.ogg
cvjiaoshou16028.ogg
cvjiaoshou16029.ogg
cvjiaoshou16030.ogg
cvjiaoshou16031.ogg
cvjiaoshou16032.ogg
cvjiaoshou16033.ogg
cvjiaoshou16034.ogg
cvjiaoshou16035.ogg
cvjiaoshou16036.ogg
cvjiaoshou16037.ogg
cvjiaoshou16038.ogg
cvjiaoshou16039.ogg
cvjiaoshou16040.ogg
cvjiaoshou18001.ogg
cvjiaoshou18002.ogg
cvjiaoshou18003.ogg
cvjiaoshou18004.ogg
cvjiaoshou18005.ogg
cvjiaoshou18006.ogg
cvjiaoshou18007.ogg
cvjiaoshou18008.ogg
cvjiaoshou18009.ogg
cvjiaoshou18010.ogg
cvjiaoshou18011.ogg
cvjiaoshou18012.ogg
cvjiaoshou18013.ogg
cvjiaoshou18014.ogg
cvjiaoshou18015.ogg
cvjiaoshou18016.ogg
cvjiaoshou18017.ogg
cvjiaoshou18018.ogg
cvjiaoshou18019.ogg
cvjiaoshou18020.ogg
cvjiaoshou18021.ogg
cvjiaoshou18022.ogg
cvjiaoshou18023.ogg
cvjiaoshou18024.ogg
cvjiaoshou18025.ogg
cvjiaoshou18026.ogg
cvjiaoshou18027.ogg
cvjiaoshou18028.ogg
cvjiaoshou18029.ogg
cvjiaoshou18030.ogg
cvjiaoshou18031.ogg
cvjiaoshou18032.ogg
cvjiaoshou18033.ogg
cvjiaoshou18034.ogg
cvjiaoshou18035.ogg
cvjiaoshou18036.ogg
cvjiaoshou18037.ogg
cvjiaoshou18038.ogg
cvjiaoshou18039.ogg
cvjiaoshou18040.ogg
cvjiaoshou18041.ogg
cvjiaoshou18042.ogg
cvjiaoshou18043.ogg
cvjiaoshou18044.ogg
cvjiaoshou18045.ogg
cvjiaoshou18046.ogg
cvjiaoshou18047.ogg
cvjiaoshou18048.ogg
cvjiaoshou18049.ogg
cvjiaoshou18050.ogg
cvjiaoshou18051.ogg
cvjiaoshou18052.ogg
cvjiaoshou18053.ogg
cvjiaoshou18054.ogg
cvjiaoshou18055.ogg
cvjiaoshou18056.ogg
cvjiaoshou18057.ogg
cvjiaoshou18058.ogg
cvjiaoshou18059.ogg
cvjiaoshou18060.ogg
cvjiaoshou18061.ogg
cvjiaoshou18062.ogg
cvjiaoshou18063.ogg
cvjiaoshou18064.ogg
cvjiaoshou18065.ogg
cvjiaoshou18066.ogg
cvjiaoshou18067.ogg
cvjiaoshou18068.ogg
cvjiaoshou18069.ogg
cvjiaoshou18070.ogg
cvjiaoshou18071.ogg
cvjiaoshou18072.ogg
cvjiaoshou18073.ogg
cvjiaoshou18074.ogg
cvjiaoshou18075.ogg
cvjiaoshou18076.ogg
cvjiaoshou18077.ogg
cvjiaoshou18078.ogg
cvjiaoshou18079.ogg
cvjiaoshou18080.ogg
cvjiaoshou18081.ogg
cvjiaoshou18082.ogg
cvjiaoshou18083.ogg
cvjiaoshou18084.ogg
cvjiaoshou18085.ogg
cvjiaoshou18086.ogg
cvjiaoshou18087.ogg
cvjiaoshou18088.ogg
cvjiaoshou18089.ogg
cvjiaoshou18090.ogg
cvjiaoshou18091.ogg
cvjiaoshou18092.ogg
cvjiaoshou18093.ogg
cvjiaoshou18094.ogg
cvjiaoshou18095.ogg
cvjiaoshou18096.ogg
cvjiaoshou18097.ogg
cvjingcha15001.ogg
cvjingcha15002.ogg
cvjizhe09001.ogg
cvjizhe09002.ogg
cvjizhe09003.ogg
cvjizhe09004.ogg
cvjizhe09005.ogg
cvjizhe09006.ogg
cvjizhe09007.ogg
cvjizhe09008.ogg
cvjizhe09010.ogg
cvjizhe09011.ogg
cvjizhe09012.ogg
cvjizhe09013.ogg
cvjizhe09014.ogg
cvjizhe09015.ogg
cvjizhe09016.ogg
cvjizhe09017.ogg
cvjizhe09018.ogg
cvjizhe09019.ogg
cvjizhe09020.ogg
cvjizhe09022.ogg
cvjizhe09023.ogg
cvjizhe09024.ogg
cvjizhe09025.ogg
cvjizhe09026.ogg
cvjizhe09027.ogg
cvjizhe09028.ogg
cvjizhe09029.ogg
cvjizhe09030.ogg
cvjizhe09031.ogg
cvjizhe09032.ogg
cvjizhe09033.ogg
cvjizhe09034.ogg
cvjizhe09035.ogg
cvjizhe09036.ogg
cvjizhe09037.ogg
cvjizhe09038.ogg
cvjizhe09039.ogg
cvjizhe09040.ogg
cvjizhe09041.ogg
cvjizhe09042.ogg
cvjizhe09043.ogg
cvjizhe09044.ogg
cvjizhe09045.ogg
cvjizhe09046.ogg
cvjizhe09047.ogg
cvjizhe09048.ogg
cvjizhe09049.ogg
cvjizhe09050.ogg
cvjizhe09051.ogg
cvjizhe09053.ogg
cvjizhe09054.ogg
cvjizhe09055.ogg
cvjizhe09056.ogg
cvjizhe09057.ogg
cvjizhe09058.ogg
cvjizhe09059.ogg
cvjizhe09060.ogg
cvjizhe09061.ogg
cvjizhe09062.ogg
cvjizhe09063.ogg
cvjizhe09064.ogg
cvjizhe09065.ogg
cvjizhe09066.ogg
cvjizhe09067.ogg
cvjizhe09068.ogg
cvjizhe09069.ogg
cvjizhe09070.ogg
cvjizhe09071.ogg
cvjizhe09072.ogg
cvjizhe09073.ogg
cvjizhe09074.ogg
cvjizhe09075.ogg
cvjizhe09076.ogg
cvjizhe09077.ogg
cvjizhe09078.ogg
cvjizhe11001.ogg
cvjizhe11002.ogg
cvjizhe11003.ogg
cvjizhe11004.ogg
cvjizhe11005.ogg
cvjizhe11006.ogg
cvjizhe11007.ogg
cvjizhe11008.ogg
cvjizhe11009.ogg
cvjizhe11010.ogg
cvjizhe11011.ogg
cvjizhe11012.ogg
cvjizhe11013.ogg
cvjizhe11014.ogg
cvjizhe11015.ogg
cvjizhe11016.ogg
cvjizhe11018.ogg
cvjizhe11019.ogg
cvjizhe11020.ogg
cvjizhe11021.ogg
cvjizhe11022.ogg
cvjizhe11023.ogg
cvjizhe11024.ogg
cvjizhe11025.ogg
cvjizhe11026.ogg
cvjizhe11027.ogg
cvjizhe11028.ogg
cvjizhe11029.ogg
cvjizhe11030.ogg
cvjizhe11031.ogg
cvjizhe11032.ogg
cvjizhe11033.ogg
cvjizhe11034.ogg
cvjizhe11035.ogg
cvjizhe11036.ogg
cvjizhe11037.ogg
cvjizhe11038.ogg
cvjizhe11039.ogg
cvjizhe11040.ogg
cvjizhe11041.ogg
cvjizhe11042.ogg
cvjizhe11043.ogg
cvjizhe11044.ogg
cvjizhe11045.ogg
cvjizhe11046.ogg
cvjizhe11047.ogg
cvjizhe11048.ogg
cvjizhe11049.ogg
cvjizhe11050.ogg
cvjizhe11051.ogg
cvjizhe11052.ogg
cvjizhe11053.ogg
cvjizhe11054.ogg
cvjizhe11055.ogg
cvjizhe11056.ogg
cvjizhe11057.ogg
cvjizhe11058.ogg
cvjizhe11059.ogg
cvjizhe11060.ogg
cvjizhe11061.ogg
cvjizhe11062.ogg
cvjizhe11064.ogg
cvjizhe11065.ogg
cvjizhe11066.ogg
cvjizhe11067.ogg
cvjizhe11068.ogg
cvjizhe11069.ogg
cvjizhe11070.ogg
cvjizhe11071.ogg
cvjizhe11072.ogg
cvjizhe11073.ogg
cvjizhe11074.ogg
cvjizhe11075.ogg
cvjizhe11076.ogg
cvjizhe11077.ogg
cvjizhe11078.ogg
cvjizhe11079.ogg
cvjizhe11080.ogg
cvjizhe11081.ogg
cvjizhe11082.ogg
cvjizhe11083.ogg
cvjizhe11084.ogg
cvjizhe11085.ogg
cvjizhe11086.ogg
cvjizhe11087.ogg
cvjizhe11088.ogg
cvjizhe11089.ogg
cvjizhe11090.ogg
cvjizhe11091.ogg
cvjizhe11092.ogg
cvjizhe11093.ogg
cvjizhe11094.ogg
cvjizhe11095.ogg
cvjizhe11096.ogg
cvjizhe11097.ogg
cvjizhe11098.ogg
cvjizhe11099.ogg
cvjizhe11100.ogg
cvjizhe11102.ogg
cvjizhe11103.ogg
cvjizhe11104.ogg
cvjizhe11105.ogg
cvjizhe11106.ogg
cvjizhe11107.ogg
cvjizhe11108.ogg
cvjizhe11109.ogg
cvjizhe11110.ogg
cvjizhe11111.ogg
cvjizhe11112.ogg
cvjizhe11113.ogg
cvjizhe11114.ogg
cvjizhe11115.ogg
cvjizhe11116.ogg
cvjizhe11117.ogg
cvjizhe11118.ogg
cvjizhe11119.ogg
cvjizhe11120.ogg
cvjizhe11121.ogg
cvjizhe11124.ogg
cvjizhe11125.ogg
cvjizhe11126.ogg
cvjizhe11127.ogg
cvjizhe11128.ogg
cvjizhe11129.ogg
cvjizhe11130.ogg
cvjizhe11131.ogg
cvjizhe11132.ogg
cvjizhe11133.ogg
cvjizhe11134.ogg
cvjizhe11135.ogg
cvjizhe11136.ogg
cvjizhe11137.ogg
cvjizhe11138.ogg
cvjizhe11139.ogg
cvjizhe11140.ogg
cvjizhe13001.ogg
cvjizhe13002.ogg
cvjizhe13003.ogg
cvjizhe13004.ogg
cvjizhe13010.ogg
cvjizhe13011.ogg
cvjizhe13012.ogg
cvjizhe13013.ogg
cvjizhe13014.ogg
cvjizhe13016.ogg
cvjizhe13017.ogg
cvjizhe13018.ogg
cvjizhe13019.ogg
cvjizhe13020.ogg
cvjizhe13021.ogg
cvjizhe13022.ogg
cvjizhe13023.ogg
cvjizhe13024.ogg
cvjizhe13025.ogg
cvjizhe13026.ogg
cvjizhe13027.ogg
cvjizhe13028.ogg
cvjizhe13029.ogg
cvjizhe13032.ogg
cvjizhe13033.ogg
cvjizhe13034.ogg
cvjizhe13035.ogg
cvjizhe13036.ogg
cvjizhe13037.ogg
cvjizhe13038.ogg
cvjizhe13039.ogg
cvjizhe13040.ogg
cvjizhe13043.ogg
cvjizhe13044.ogg
cvjizhe13045.ogg
cvjizhe13052.ogg
cvjizhe13053.ogg
cvjizhe13054.ogg
cvjizhe13055.ogg
cvjizhe18001.ogg
cvjizhe18002.ogg
cvjizhe18003.ogg
cvjizhe18004.ogg
cvjizhe18005.ogg
cvjizhe18006.ogg
cvjizhe18007.ogg
cvjizhe18008.ogg
cvjizhe18009.ogg
cvjizhe18010.ogg
cvjizhe18011.ogg
cvjizhe18012.ogg
cvjizhe18013.ogg
cvjizhe18014.ogg
cvjizhe18015.ogg
cvjizhe18016.ogg
cvjizhe18017.ogg
cvjizhe18018.ogg
cvjizhe18019.ogg
cvjizhe18020.ogg
cvjizhe18021.ogg
cvjizhe18022.ogg
cvjizhe18023.ogg
cvjizhe18024.ogg
cvjizhe18025.ogg
cvjizhe18026.ogg
cvjizhe18027.ogg
cvjizhe18028.ogg
cvjizhe18029.ogg
cvjizhe18030.ogg
cvjizhe18031.ogg
cvjizhe18032.ogg
cvjizhe18033.ogg
cvjizhe18034.ogg
cvjizhe18035.ogg
cvjizhe18036.ogg
cvjizhe18037.ogg
cvjizhe18039.ogg
cvjizhe18040.ogg
cvjizhe18042.ogg
cvjizhe18044.ogg
cvjizhe18045.ogg
cvjizhe18046.ogg
cvjizhe18048.ogg
cvjizhe18049.ogg
cvjizhe18050.ogg
cvjizhe18052.ogg
cvjizhe18053.ogg
cvjizhe18054.ogg
cvjizhe18055.ogg
cvjizhe18056.ogg
cvjizhe18057.ogg
cvjizhe18060.ogg
cvjizhe18061.ogg
cvjizhe18062.ogg
cvjizhe18063.ogg
cvjizhe18064.ogg
cvjizhe18065.ogg
cvjizhe18066.ogg
cvjizhe18068.ogg
cvjizhe18069.ogg
cvjza14001.ogg
cvjza14002.ogg
cvjza14003.ogg
cvjza14004.ogg
cvjza14005.ogg
cvjza15001.ogg
cvjza15002.ogg
cvjza15004.ogg
cvjza15005.ogg
cvjza15006.ogg
cvjza15007.ogg
cvjza15008.ogg
cvjza15009.ogg
cvjza15010.ogg
cvjza15011.ogg
cvjza15012.ogg
cvjza15013.ogg
cvjzb14001.ogg
cvjzb14002.ogg
cvjzb14003.ogg
cvjzb14004.ogg
cvjzb14005.ogg
cvjzb15001.ogg
cvjzb15002.ogg
cvjzb15003.ogg
cvjzb15004.ogg
cvjzb15005.ogg
cvjzb15006.ogg
cvjzb15007.ogg
cvjzb15008.ogg
cvjzb15009.ogg
cvjzb15010.ogg
cvjzb15011.ogg
cvjzb15012.ogg
cvjzb15013.ogg
cvjzb15014.ogg
cvjzc14001.ogg
cvjzc14002.ogg
cvjzc14003.ogg
cvjzc14004.ogg
cvjzc14005.ogg
cvjzc14006.ogg
cvjzc15001.ogg
cvjzc15002.ogg
cvjzc15003.ogg
cvjzc15004.ogg
cvjzc15005.ogg
cvjzc15006.ogg
cvjzc15007.ogg
cvjzd15001.ogg
cvmana15001.ogg
cvmana15002.ogg
cvmana15003.ogg
cvmana15004.ogg
cvmana15005.ogg
cvmana15006.ogg
cvmana15007.ogg
cvmanb15001.ogg
cvmanb15002.ogg
cvmanb15004.ogg
cvmanb15005.ogg
cvmanb15006.ogg
cvmanb15007.ogg
cvmanb15008.ogg
cvmanb15009.ogg
cvmanb15010.ogg
cvmanb15011.ogg
cvmanb15012.ogg
cvmanb15013.ogg
cvmanc15001.ogg
cvmanc15002.ogg
cvmanc15003.ogg
cvmanc15004.ogg
cvmanc15005.ogg
cvmanc15006.ogg
cvmanc15008.ogg
cvmanc15009.ogg
cvmand15001.ogg
cvmand15002.ogg
cvmand15003.ogg
cvmand15004.ogg
cvmand15005.ogg
cvplusxue001.ogg
cvplusxue002.ogg
cvplusxue003.ogg
cvplusxue004.ogg
cvplusxue005.ogg
cvplusxue006.ogg
cvplusxue007.ogg
cvplusxue008.ogg
cvplusxue009.ogg
cvplusxue010.ogg
cvplusxue011.ogg
cvplusxue012.ogg
cvplusxue013.ogg
cvplusxue014.ogg
cvplusxue015.ogg
cvplusxue016.ogg
cvplusxue017.ogg
cvplusxue018.ogg
cvplusxue019.ogg
cvplusxue020.ogg
cvplusxue021.ogg
cvplusxue022.ogg
cvplusxue023.ogg
cvplusxue024.ogg
cvplusxue025.ogg
cvplusxue026.ogg
cvplusxue027.ogg
cvplusxue028.ogg
cvplusxue029.ogg
cvplusxue030.ogg
cvplusxue031.ogg
cvplusxue032.ogg
cvplusxue033.ogg
cvplusxue034.ogg
cvplusxue035.ogg
cvplusxue036.ogg
cvplusxue037.ogg
cvplusxue038.ogg
cvplusxue039.ogg
cvplusxue040.ogg
cvplusxue041.ogg
cvplusxue042.ogg
cvplusxue043.ogg
cvplusxue044.ogg
cvplusxue045.ogg
cvplusxue046.ogg
cvplusxue047.ogg
cvplusxue048.ogg
cvplusxue049.ogg
cvplusxue050.ogg
cvplusxue051.ogg
cvplusxue052.ogg
cvplusxue053.ogg
cvplusxue054.ogg
cvplusxue055.ogg
cvplusxue056.ogg
cvplusxue057.ogg
cvplusxue058.ogg
cvplusxue059.ogg
cvplusxue060.ogg
cvplusxue061.ogg
cvplusxue062.ogg
cvplusxue063.ogg
cvplusxue064.ogg
cvplusxue065.ogg
cvplusxue066.ogg
cvplusxue067.ogg
cvplusxue068.ogg
cvplusxue069.ogg
cvplusxue070.ogg
cvplusxue071.ogg
cvplusxue072.ogg
cvplusxue073.ogg
cvplusxue074.ogg
cvplusxue075.ogg
cvplusxue076.ogg
cvplusxue077.ogg
cvplusxue078.ogg
cvplusxue079.ogg
cvplusxue080.ogg
cvplusxue081.ogg
cvplusxue082.ogg
cvplusxue083.ogg
cvplusxue084.ogg
cvplusxue085.ogg
cvplusxue086.ogg
cvplusxue087.ogg
cvplusxue088.ogg
cvplusxue089.ogg
cvplusxue090.ogg
cvplusxue091.ogg
cvplusxue092.ogg
cvplusxue093.ogg
cvplusxue094.ogg
cvplusxue095.ogg
cvplusxue096.ogg
cvplusxue097.ogg
cvplusxue098.ogg
cvplusxue099.ogg
cvplusxue100.ogg
cvplusxue101.ogg
cvplusxue102.ogg
cvplusxue103.ogg
cvplusxue104.ogg
cvplusxue105.ogg
cvplusxue106.ogg
cvplusxue107.ogg
cvplusxue108.ogg
cvplusxue109.ogg
cvplusxue110.ogg
cvplusxue111.ogg
cvplusxue112.ogg
cvplusxue113.ogg
cvplusxue114.ogg
cvplusxue115.ogg
cvplusxue116.ogg
cvplusxue117.ogg
cvplusxue118.ogg
cvplusxue119.ogg
cvplusxue120.ogg
cvplusxue121.ogg
cvplusxue122.ogg
cvplusxue123.ogg
cvplusxue124.ogg
cvplusxue125.ogg
cvplusxue126.ogg
cvplusxue127.ogg
cvplusxue128.ogg
cvplusxue129.ogg
cvplusxue130.ogg
cvplusxue131.ogg
cvplusxue132.ogg
cvplusxue133.ogg
cvplusxue134.ogg
cvplusxue135.ogg
cvplusxue136.ogg
cvplusxue137.ogg
cvplusxue138.ogg
cvplusxue139.ogg
cvplusxue140.ogg
cvplusxue141.ogg
cvplusxue142.ogg
cvplusxue143.ogg
cvplusxue144.ogg
cvplusxue145.ogg
cvplusxue146.ogg
cvplusxue147.ogg
cvplusxue148.ogg
cvplusxue149.ogg
cvplusxue150.ogg
cvplusxue151.ogg
cvplusxue152.ogg
cvplusxue153.ogg
cvplusxue154.ogg
cvplusxue155.ogg
cvplusxue156.ogg
cvplusxue157.ogg
cvplusxue158.ogg
cvplusxue159.ogg
cvplusxue160.ogg
cvplusxue161.ogg
cvplusxue162.ogg
cvplusxue163.ogg
cvplusxue164.ogg
cvplusxue165.ogg
cvplusxue166.ogg
cvplusxue167.ogg
cvplusxue168.ogg
cvplusxue169.ogg
cvplusxue170.ogg
cvplusxue171.ogg
cvplusxue172.ogg
cvplusxue173.ogg
cvplusxue174.ogg
cvplusxue175.ogg
cvplusxue176.ogg
cvplusxue177.ogg
cvplusxue178.ogg
cvplusxue179.ogg
cvplusxue180.ogg
cvplusxue181.ogg
cvplusxue182.ogg
cvplusxue183.ogg
cvplusxue184.ogg
cvplusxue185.ogg
cvplusxue186.ogg
cvplusxue187.ogg
cvplusxue188.ogg
cvplusxue189.ogg
cvplusxue190.ogg
cvplusxue191.ogg
cvplusxue192.ogg
cvplusxue193.ogg
cvplusxue194.ogg
cvrong01001.ogg
cvrong01002.ogg
cvrong01003.ogg
cvrong01004.ogg
cvrong01005.ogg
cvrong01006.ogg
cvrong01007.ogg
cvrong01008.ogg
cvrong01009.ogg
cvrong01010.ogg
cvrong01011.ogg
cvrong01012.ogg
cvrong01013.ogg
cvrong01014.ogg
cvrong01015.ogg
cvrong01016.ogg
cvrong01017.ogg
cvrong01018.ogg
cvrong01019.ogg
cvrong01020.ogg
cvrong01021.ogg
cvrong01022.ogg
cvrong01023.ogg
cvrong01024.ogg
cvrong01025.ogg
cvrong01026.ogg
cvrong01027.ogg
cvrong01028.ogg
cvrong01029.ogg
cvrong01030.ogg
cvrong01031.ogg
cvrong01032.ogg
cvrong01033.ogg
cvrong01034.ogg
cvrong01035.ogg
cvrong01036.ogg
cvrong01037.ogg
cvrong01038.ogg
cvrong01039.ogg
cvrong01040.ogg
cvrong01041.ogg
cvrong01042.ogg
cvrong01043.ogg
cvrong01044.ogg
cvrong01045.ogg
cvrong01046.ogg
cvrong01047.ogg
cvrong01048.ogg
cvrong01049.ogg
cvrong01050.ogg
cvrong01051.ogg
cvrong01052.ogg
cvrong01053.ogg
cvrong01054.ogg
cvrong01055.ogg
cvrong01056.ogg
cvrong01057.ogg
cvrong01058.ogg
cvrong01059.ogg
cvrong01060.ogg
cvrong01061.ogg
cvrong01062.ogg
cvrong01063.ogg
cvrong01064.ogg
cvrong01065.ogg
cvrong01066.ogg
cvrong01067.ogg
cvrong01068.ogg
cvrong01069.ogg
cvrong01070.ogg
cvrong01071.ogg
cvrong01072.ogg
cvrong01073.ogg
cvrong01074.ogg
cvrong01075.ogg
cvrong01076.ogg
cvrong01077.ogg
cvrong01078.ogg
cvrong01079.ogg
cvrong01080.ogg
cvrong01081.ogg
cvrong01082.ogg
cvrong01083.ogg
cvrong01084.ogg
cvrong01085.ogg
cvrong01086.ogg
cvrong01087.ogg
cvrong01088.ogg
cvrong01089.ogg
cvrong01090.ogg
cvrong01091.ogg
cvrong01092.ogg
cvrong01093.ogg
cvrong01094.ogg
cvrong01095.ogg
cvrong01096.ogg
cvrong01097.ogg
cvrong01098.ogg
cvrong01099.ogg
cvrong01100.ogg
cvrong01101.ogg
cvrong01102.ogg
cvrong01103.ogg
cvrong01104.ogg
cvrong01105.ogg
cvrong01106.ogg
cvrong01107.ogg
cvrong01108.ogg
cvrong01109.ogg
cvrong01110.ogg
cvrong01111.ogg
cvrong01112.ogg
cvrong01113.ogg
cvrong01114.ogg
cvrong01115.ogg
cvrong01116.ogg
cvrong01117.ogg
cvrong01118.ogg
cvrong01119.ogg
cvrong01120.ogg
cvrong01121.ogg
cvrong01122.ogg
cvrong01123.ogg
cvrong01124.ogg
cvrong01125.ogg
cvrong01126.ogg
cvrong01127.ogg
cvrong01128.ogg
cvrong01129.ogg
cvrong02001.ogg
cvrong02002.ogg
cvrong02003.ogg
cvrong02004.ogg
cvrong02005.ogg
cvrong02006.ogg
cvrong02007.ogg
cvrong02008.ogg
cvrong02009.ogg
cvrong02010.ogg
cvrong02011.ogg
cvrong02012.ogg
cvrong02013.ogg
cvrong02014.ogg
cvrong02015.ogg
cvrong02016.ogg
cvrong02017.ogg
cvrong02018.ogg
cvrong02019.ogg
cvrong02020.ogg
cvrong02021.ogg
cvrong02022.ogg
cvrong02023.ogg
cvrong02024.ogg
cvrong02025.ogg
cvrong02026.ogg
cvrong02027.ogg
cvrong02028.ogg
cvrong02029.ogg
cvrong02030.ogg
cvrong02031.ogg
cvrong02032.ogg
cvrong02033.ogg
cvrong02034.ogg
cvrong02035.ogg
cvrong02036.ogg
cvrong02037.ogg
cvrong02038.ogg
cvrong02039.ogg
cvrong02040.ogg
cvrong02041.ogg
cvrong02042.ogg
cvrong02043.ogg
cvrong02044.ogg
cvrong02045.ogg
cvrong02046.ogg
cvrong02047.ogg
cvrong02048.ogg
cvrong02049.ogg
cvrong02050.ogg
cvrong02051.ogg
cvrong02052.ogg
cvrong02053.ogg
cvrong02054.ogg
cvrong02055.ogg
cvrong02056.ogg
cvrong02057.ogg
cvrong02058.ogg
cvrong02059.ogg
cvrong02060.ogg
cvrong02061.ogg
cvrong02062.ogg
cvrong02063.ogg
cvrong02064.ogg
cvrong02065.ogg
cvrong02066.ogg
cvrong02067.ogg
cvrong02068.ogg
cvrong02069.ogg
cvrong02070.ogg
cvrong02071.ogg
cvrong02072.ogg
cvrong02073.ogg
cvrong02074.ogg
cvrong02075.ogg
cvrong02076.ogg
cvrong02077.ogg
cvrong02078.ogg
cvrong02079.ogg
cvrong02080.ogg
cvrong02081.ogg
cvrong02082.ogg
cvrong02083.ogg
cvrong02084.ogg
cvrong02085.ogg
cvrong02086.ogg
cvrong02087.ogg
cvrong02088.ogg
cvrong02089.ogg
cvrong02090.ogg
cvrong02091.ogg
cvrong02092.ogg
cvrong02093.ogg
cvrong02094.ogg
cvrong02095.ogg
cvrong02096.ogg
cvrong02097.ogg
cvrong02098.ogg
cvrong02099.ogg
cvrong02100.ogg
cvrong02101.ogg
cvrong02102.ogg
cvrong02103.ogg
cvrong02104.ogg
cvrong02105.ogg
cvrong02106.ogg
cvrong02107.ogg
cvrong02108.ogg
cvrong02109.ogg
cvrong02110.ogg
cvrong02111.ogg
cvrong02112.ogg
cvrong02113.ogg
cvrong02114.ogg
cvrong02115.ogg
cvrong02116.ogg
cvrong02117.ogg
cvrong02118.ogg
cvrong02119.ogg
cvrong02120.ogg
cvrong02121.ogg
cvrong02122.ogg
cvrong02123.ogg
cvrong02124.ogg
cvrong02125.ogg
cvrong02126.ogg
cvrong02127.ogg
cvrong02128.ogg
cvrong02129.ogg
cvrong02130.ogg
cvrong02131.ogg
cvrong02132.ogg
cvrong02133.ogg
cvrong02134.ogg
cvrong02135.ogg
cvrong02136.ogg
cvrong02137.ogg
cvrong02138.ogg
cvrong02139.ogg
cvrong02140.ogg
cvrong02141.ogg
cvrong02142.ogg
cvrong02143.ogg
cvrong02144.ogg
cvrong02145.ogg
cvrong02146.ogg
cvrong02147.ogg
cvrong02148.ogg
cvrong02149.ogg
cvrong02150.ogg
cvrong02151.ogg
cvrong02152.ogg
cvrong02153.ogg
cvrong02154.ogg
cvrong02155.ogg
cvrong02156.ogg
cvrong02157.ogg
cvrong02158.ogg
cvrong02159.ogg
cvrong02160.ogg
cvrong02161.ogg
cvrong02162.ogg
cvrong02163.ogg
cvrong02164.ogg
cvrong02165.ogg
cvrong02166.ogg
cvrong02167.ogg
cvrong02168.ogg
cvrong02169.ogg
cvrong02170.ogg
cvrong03001.ogg
cvrong03002.ogg
cvrong03003.ogg
cvrong03004.ogg
cvrong03005.ogg
cvrong03006.ogg
cvrong03007.ogg
cvrong03008.ogg
cvrong03009.ogg
cvrong03010.ogg
cvrong03011.ogg
cvrong03012.ogg
cvrong03013.ogg
cvrong03014.ogg
cvrong03015.ogg
cvrong03016.ogg
cvrong03017.ogg
cvrong03018.ogg
cvrong03019.ogg
cvrong03020.ogg
cvrong03021.ogg
cvrong03022.ogg
cvrong03023.ogg
cvrong03024.ogg
cvrong03025.ogg
cvrong03026.ogg
cvrong03027.ogg
cvrong03028.ogg
cvrong03029.ogg
cvrong03030.ogg
cvrong03031.ogg
cvrong03032.ogg
cvrong03033.ogg
cvrong03034.ogg
cvrong03035.ogg
cvrong03036.ogg
cvrong03037.ogg
cvrong03038.ogg
cvrong03039.ogg
cvrong03040.ogg
cvrong03041.ogg
cvrong03042.ogg
cvrong03043.ogg
cvrong03044.ogg
cvrong03045.ogg
cvrong03046.ogg
cvrong03047.ogg
cvrong03048.ogg
cvrong03049.ogg
cvrong03050.ogg
cvrong03051.ogg
cvrong03052.ogg
cvrong03053.ogg
cvrong03054.ogg
cvrong03055.ogg
cvrong03056.ogg
cvrong03057.ogg
cvrong03058.ogg
cvrong03059.ogg
cvrong03060.ogg
cvrong03061.ogg
cvrong03062.ogg
cvrong03063.ogg
cvrong03064.ogg
cvrong03065.ogg
cvrong03066.ogg
cvrong03067.ogg
cvrong03068.ogg
cvrong03069.ogg
cvrong03070.ogg
cvrong03071.ogg
cvrong03072.ogg
cvrong03073.ogg
cvrong03074.ogg
cvrong03075.ogg
cvrong03076.ogg
cvrong03077.ogg
cvrong03078.ogg
cvrong03079.ogg
cvrong03080.ogg
cvrong03081.ogg
cvrong03082.ogg
cvrong03083.ogg
cvrong03084.ogg
cvrong03085.ogg
cvrong03086.ogg
cvrong03087.ogg
cvrong03088.ogg
cvrong03089.ogg
cvrong03090.ogg
cvrong03091.ogg
cvrong03092.ogg
cvrong03093.ogg
cvrong03094.ogg
cvrong03095.ogg
cvrong03096.ogg
cvrong03097.ogg
cvrong03098.ogg
cvrong03099.ogg
cvrong03100.ogg
cvrong03101.ogg
cvrong03102.ogg
cvrong03103.ogg
cvrong03104.ogg
cvrong03105.ogg
cvrong03106.ogg
cvrong03107.ogg
cvrong03108.ogg
cvrong03109.ogg
cvrong03110.ogg
cvrong03111.ogg
cvrong03112.ogg
cvrong03113.ogg
cvrong03114.ogg
cvrong03115.ogg
cvrong03116.ogg
cvrong03117.ogg
cvrong03118.ogg
cvrong03119.ogg
cvrong03120.ogg
cvrong03121.ogg
cvrong03122.ogg
cvrong03123.ogg
cvrong03124.ogg
cvrong03125.ogg
cvrong03126.ogg
cvrong03127.ogg
cvrong03128.ogg
cvrong03129.ogg
cvrong03130.ogg
cvrong03131.ogg
cvrong03132.ogg
cvrong03133.ogg
cvrong03134.ogg
cvrong03135.ogg
cvrong03136.ogg
cvrong03137.ogg
cvrong03138.ogg
cvrong03139.ogg
cvrong03140.ogg
cvrong03141.ogg
cvrong03142.ogg
cvrong04001.ogg
cvrong04002.ogg
cvrong04003.ogg
cvrong04004.ogg
cvrong04005.ogg
cvrong04006.ogg
cvrong04007.ogg
cvrong04008.ogg
cvrong04009.ogg
cvrong04010.ogg
cvrong04011.ogg
cvrong04012.ogg
cvrong04013.ogg
cvrong04014.ogg
cvrong04015.ogg
cvrong04016.ogg
cvrong04017.ogg
cvrong04018.ogg
cvrong04019.ogg
cvrong04020.ogg
cvrong04021.ogg
cvrong04022.ogg
cvrong04023.ogg
cvrong04024.ogg
cvrong04025.ogg
cvrong04026.ogg
cvrong04027.ogg
cvrong04028.ogg
cvrong04029.ogg
cvrong04030.ogg
cvrong04031.ogg
cvrong04032.ogg
cvrong04033.ogg
cvrong04034.ogg
cvrong04035.ogg
cvrong04036.ogg
cvrong04037.ogg
cvrong04038.ogg
cvrong04039.ogg
cvrong04040.ogg
cvrong04041.ogg
cvrong04042.ogg
cvrong04043.ogg
cvrong04044.ogg
cvrong04045.ogg
cvrong04046.ogg
cvrong04047.ogg
cvrong04048.ogg
cvrong04049.ogg
cvrong04050.ogg
cvrong04051.ogg
cvrong04052.ogg
cvrong04053.ogg
cvrong04054.ogg
cvrong04055.ogg
cvrong04056.ogg
cvrong04057.ogg
cvrong04058.ogg
cvrong04059.ogg
cvrong04060.ogg
cvrong04061.ogg
cvrong04062.ogg
cvrong04063.ogg
cvrong04064.ogg
cvrong04065.ogg
cvrong04066.ogg
cvrong04067.ogg
cvrong04068.ogg
cvrong04069.ogg
cvrong04070.ogg
cvrong04071.ogg
cvrong04072.ogg
cvrong04073.ogg
cvrong04074.ogg
cvrong04075.ogg
cvrong04076.ogg
cvrong04077.ogg
cvrong04078.ogg
cvrong04079.ogg
cvrong04080.ogg
cvrong04081.ogg
cvrong04082.ogg
cvrong04083.ogg
cvrong04084.ogg
cvrong04085.ogg
cvrong04086.ogg
cvrong04087.ogg
cvrong04088.ogg
cvrong04089.ogg
cvrong04090.ogg
cvrong04091.ogg
cvrong04092.ogg
cvrong04093.ogg
cvrong04094.ogg
cvrong04095.ogg
cvrong04096.ogg
cvrong04097.ogg
cvrong04098.ogg
cvrong04099.ogg
cvrong04100.ogg
cvrong04101.ogg
cvrong04102.ogg
cvrong04103.ogg
cvrong04104.ogg
cvrong04105.ogg
cvrong04106.ogg
cvrong04107.ogg
cvrong04108.ogg
cvrong04109.ogg
cvrong04110.ogg
cvrong04111.ogg
cvrong04112.ogg
cvrong04113.ogg
cvrong04114.ogg
cvrong04115.ogg
cvrong04116.ogg
cvrong04117.ogg
cvrong04118.ogg
cvrong04119.ogg
cvrong04120.ogg
cvrong04121.ogg
cvrong04122.ogg
cvrong04124.ogg
cvrong04125.ogg
cvrong04126.ogg
cvrong04127.ogg
cvrong04128.ogg
cvrong04129.ogg
cvrong04130.ogg
cvrong04131.ogg
cvrong04132.ogg
cvrong04133.ogg
cvrong04134.ogg
cvrong04135.ogg
cvrong04136.ogg
cvrong04137.ogg
cvrong04138.ogg
cvrong04139.ogg
cvrong04140.ogg
cvrong04141.ogg
cvrong04142.ogg
cvrong04143.ogg
cvrong04144.ogg
cvrong04145.ogg
cvrong04146.ogg
cvrong04148.ogg
cvrong04149.ogg
cvrong04150.ogg
cvrong04151.ogg
cvrong04152.ogg
cvrong04153.ogg
cvrong04154.ogg
cvrong04155.ogg
cvrong04156.ogg
cvrong04157.ogg
cvrong04158.ogg
cvrong04159.ogg
cvrong04160.ogg
cvrong04161.ogg
cvrong04162.ogg
cvrong04163.ogg
cvrong04165.ogg
cvrong04166.ogg
cvrong04167.ogg
cvrong04168.ogg
cvrong04169.ogg
cvrong04170.ogg
cvrong04171.ogg
cvrong04172.ogg
cvrong04173.ogg
cvrong04174.ogg
cvrong04175.ogg
cvrong04176.ogg
cvrong04177.ogg
cvrong04178.ogg
cvrong04179.ogg
cvrong04180.ogg
cvrong04181.ogg
cvrong04182.ogg
cvrong04183.ogg
cvrong04184.ogg
cvrong04185.ogg
cvrong04186.ogg
cvrong04187.ogg
cvrong04188.ogg
cvrong04189.ogg
cvrong04190.ogg
cvrong04191.ogg
cvrong04192.ogg
cvrong04193.ogg
cvrong04194.ogg
cvrong04195.ogg
cvrong04196.ogg
cvrong04197.ogg
cvrong04198.ogg
cvrong04199.ogg
cvrong04200.ogg
cvrong04201.ogg
cvrong04202.ogg
cvrong04203.ogg
cvrong04204.ogg
cvrong04205.ogg
cvrong04206.ogg
cvrong04207.ogg
cvrong04208.ogg
cvrong04209.ogg
cvrong04210.ogg
cvrong04211.ogg
cvrong04212.ogg
cvrong04213.ogg
cvrong04214.ogg
cvrong04215.ogg
cvrong04216.ogg
cvrong04217.ogg
cvrong04218.ogg
cvrong04219.ogg
cvrong04220.ogg
cvrong04221.ogg
cvrong04222.ogg
cvrong04223.ogg
cvrong04224.ogg
cvrong04225.ogg
cvrong04226.ogg
cvrong04227.ogg
cvrong04228.ogg
cvrong04229.ogg
cvrong04230.ogg
cvrong04231.ogg
cvrong04232.ogg
cvrong04233.ogg
cvrong04234.ogg
cvrong04236.ogg
cvrong05001.ogg
cvrong05002.ogg
cvrong05003.ogg
cvrong05004.ogg
cvrong05005.ogg
cvrong05006.ogg
cvrong05007.ogg
cvrong05008.ogg
cvrong05009.ogg
cvrong05010.ogg
cvrong05011.ogg
cvrong05011a.wav
cvrong05012.ogg
cvrong05013.ogg
cvrong05014.ogg
cvrong05015.ogg
cvrong05016.ogg
cvrong05017.ogg
cvrong05018.ogg
cvrong05019.ogg
cvrong05020.ogg
cvrong05021.ogg
cvrong05022.ogg
cvrong05023.ogg
cvrong05024.ogg
cvrong05025.ogg
cvrong05026.ogg
cvrong05027.ogg
cvrong05028.ogg
cvrong05029.ogg
cvrong05030.ogg
cvrong05031.ogg
cvrong05032.ogg
cvrong05033.ogg
cvrong05034.ogg
cvrong05035.ogg
cvrong05036.ogg
cvrong05037.ogg
cvrong05038.ogg
cvrong05039.ogg
cvrong05040.ogg
cvrong05041.ogg
cvrong05042.ogg
cvrong05043.ogg
cvrong05043a.wav
cvrong05044.ogg
cvrong05045.ogg
cvrong05046.ogg
cvrong05047.ogg
cvrong05048.ogg
cvrong05049.ogg
cvrong05051.ogg
cvrong05052.ogg
cvrong05053.ogg
cvrong05054.ogg
cvrong05055.ogg
cvrong05056.ogg
cvrong05057.ogg
cvrong05058.ogg
cvrong05059.ogg
cvrong05060.ogg
cvrong05061.ogg
cvrong05062.ogg
cvrong05063.ogg
cvrong05064.ogg
cvrong05065.ogg
cvrong05066.ogg
cvrong05068.ogg
cvrong05069.ogg
cvrong05070.ogg
cvrong05071.ogg
cvrong05072.ogg
cvrong05073.ogg
cvrong05074.ogg
cvrong05076.ogg
cvrong05077.ogg
cvrong05078.ogg
cvrong05079.ogg
cvrong05080.ogg
cvrong05081.ogg
cvrong05082.ogg
cvrong05083.ogg
cvrong05084.ogg
cvrong05085.ogg
cvrong05086.ogg
cvrong05088.ogg
cvrong05089.ogg
cvrong05090.ogg
cvrong05091.ogg
cvrong05092.ogg
cvrong05093.ogg
cvrong05096.ogg
cvrong05097.ogg
cvrong05098.ogg
cvrong05099.ogg
cvrong05100.ogg
cvrong05101.ogg
cvrong05102.ogg
cvrong05103.ogg
cvrong05104.ogg
cvrong05105.ogg
cvrong05106.ogg
cvrong05107.ogg
cvrong05108.ogg
cvrong05109.ogg
cvrong05110.ogg
cvrong05111.ogg
cvrong05112.ogg
cvrong05113.ogg
cvrong05114.ogg
cvrong05115.ogg
cvrong05116.ogg
cvrong05117.ogg
cvrong05118.ogg
cvrong05119.ogg
cvrong05121.ogg
cvrong05123.ogg
cvrong05124.ogg
cvrong05125.ogg
cvrong05126.ogg
cvrong05127.ogg
cvrong05129.ogg
cvrong05130.ogg
cvrong05131.ogg
cvrong05132.ogg
cvrong05133.ogg
cvrong05135.ogg
cvrong05136.ogg
cvrong05137.ogg
cvrong06001.ogg
cvrong06002.ogg
cvrong06003.ogg
cvrong06004.ogg
cvrong06005.ogg
cvrong06006.ogg
cvrong06007.ogg
cvrong06008.ogg
cvrong06009.ogg
cvrong06010.ogg
cvrong06011.ogg
cvrong06012.ogg
cvrong06013.ogg
cvrong06015.ogg
cvrong06016.ogg
cvrong06017.ogg
cvrong06018.ogg
cvrong06020.ogg
cvrong06021.ogg
cvrong06023.ogg
cvrong06024.ogg
cvrong06025.ogg
cvrong06027.ogg
cvrong06028.ogg
cvrong06029.ogg
cvrong06030.ogg
cvrong06031.ogg
cvrong06032.ogg
cvrong06033.ogg
cvrong06034.ogg
cvrong06035.ogg
cvrong06036.ogg
cvrong06037.ogg
cvrong06038.ogg
cvrong06039.ogg
cvrong06040.ogg
cvrong06041.ogg
cvrong06042.ogg
cvrong06043.ogg
cvrong06044.ogg
cvrong06045.ogg
cvrong06046.ogg
cvrong06047.ogg
cvrong06048.ogg
cvrong06049.ogg
cvrong06050.ogg
cvrong06051.ogg
cvrong06052.ogg
cvrong06053.ogg
cvrong06054.ogg
cvrong06055.ogg
cvrong06056.ogg
cvrong06057.ogg
cvrong06058.ogg
cvrong06059.ogg
cvrong06060.ogg
cvrong06061.ogg
cvrong06064.ogg
cvrong06065.ogg
cvrong06066.ogg
cvrong06067.ogg
cvrong06068.ogg
cvrong06069.ogg
cvrong06070.ogg
cvrong06071.ogg
cvrong06072.ogg
cvrong06073.ogg
cvrong06074.ogg
cvrong06075.ogg
cvrong06076.ogg
cvrong06077.ogg
cvrong06078.ogg
cvrong06079.ogg
cvrong06080.ogg
cvrong06081.ogg
cvrong06082.ogg
cvrong06083.ogg
cvrong06084.ogg
cvrong07001.ogg
cvrong07002.ogg
cvrong07003.ogg
cvrong07004.ogg
cvrong07005.ogg
cvrong07006.ogg
cvrong07007.ogg
cvrong07008.ogg
cvrong07009.ogg
cvrong07010.ogg
cvrong07011.ogg
cvrong07012.ogg
cvrong07013.ogg
cvrong07014.ogg
cvrong07015.ogg
cvrong07016.ogg
cvrong07017.ogg
cvrong07018.ogg
cvrong07019.ogg
cvrong07020.ogg
cvrong07021.ogg
cvrong07022.ogg
cvrong07023.ogg
cvrong07024.ogg
cvrong07025.ogg
cvrong07026.ogg
cvrong07027.ogg
cvrong07028.ogg
cvrong07029.ogg
cvrong07030.ogg
cvrong07031.ogg
cvrong07032.ogg
cvrong07033.ogg
cvrong07034.ogg
cvrong07035.ogg
cvrong07036.ogg
cvrong07037.ogg
cvrong07038.ogg
cvrong07039.ogg
cvrong07040.ogg
cvrong07041.ogg
cvrong07042.ogg
cvrong07043.ogg
cvrong07044.ogg
cvrong07045.ogg
cvrong07046.ogg
cvrong07047.ogg
cvrong07048.ogg
cvrong07049.ogg
cvrong07050.ogg
cvrong07051.ogg
cvrong07052.ogg
cvrong07053.ogg
cvrong07054.ogg
cvrong07055.ogg
cvrong07056.ogg
cvrong07057.ogg
cvrong07058.ogg
cvrong07059.ogg
cvrong07060.ogg
cvrong07061.ogg
cvrong07062.ogg
cvrong07063.ogg
cvrong07064.ogg
cvrong07065.ogg
cvrong07066.ogg
cvrong07067.ogg
cvrong07068.ogg
cvrong07069.ogg
cvrong07070.ogg
cvrong07071.ogg
cvrong07072.ogg
cvrong07073.ogg
cvrong07074.ogg
cvrong07075.ogg
cvrong07076.ogg
cvrong07077.ogg
cvrong07078.ogg
cvrong07079.ogg
cvrong07080.ogg
cvrong07081.ogg
cvrong07082.ogg
cvrong07083.ogg
cvrong07e001.ogg
cvrong07e002.ogg
cvrong07e003.ogg
cvrong07e004.ogg
cvrong07e005.ogg
cvrong07e006.ogg
cvrong07e007.ogg
cvrong07e008.ogg
cvrong07e009.ogg
cvrong07e010.ogg
cvrong07e011.ogg
cvrong07e012.ogg
cvrong07e013.ogg
cvrong07e014.ogg
cvrong07e015.ogg
cvrong07e016.ogg
cvrong07e017.ogg
cvrong07e018.ogg
cvrong07e019.ogg
cvrong07e020.ogg
cvrong07e021.ogg
cvrong07e022.ogg
cvrong07e023.ogg
cvrong07e024.ogg
cvrong07e025.ogg
cvrong07e026.ogg
cvrong07e027.ogg
cvrong07e028.ogg
cvrong07e029.ogg
cvrong07e030.ogg
cvrong08001.ogg
cvrong08002.ogg
cvrong08003.ogg
cvrong08004.ogg
cvrong08005.ogg
cvrong08006.ogg
cvrong08007.ogg
cvrong08008.ogg
cvrong08009.ogg
cvrong08010.ogg
cvrong08011.ogg
cvrong08012.ogg
cvrong08014.ogg
cvrong08016.ogg
cvrong08017.ogg
cvrong08018.ogg
cvrong08019.ogg
cvrong08020.ogg
cvrong08021.ogg
cvrong08022.ogg
cvrong08025.ogg
cvrong08026.ogg
cvrong08027.ogg
cvrong08028.ogg
cvrong08029.ogg
cvrong08030.ogg
cvrong08031.ogg
cvrong08032.ogg
cvrong08033.ogg
cvrong08034.ogg
cvrong08035.ogg
cvrong08036.ogg
cvrong08037.ogg
cvrong08038.ogg
cvrong08039.ogg
cvrong08040.ogg
cvrong08041.ogg
cvrong08042.ogg
cvrong08043.ogg
cvrong08044.ogg
cvrong08045.ogg
cvrong08046.ogg
cvrong08047.ogg
cvrong08048.ogg
cvrong08049.ogg
cvrong08050.ogg
cvrong08051.ogg
cvrong08052.ogg
cvrong08053.ogg
cvrong08054.ogg
cvrong08055.ogg
cvrong08056.ogg
cvrong08057.ogg
cvrong08058.ogg
cvrong08059.ogg
cvrong08060.ogg
cvrong08061.ogg
cvrong08062.ogg
cvrong08063.ogg
cvrong08064.ogg
cvrong08065.ogg
cvrong08066.ogg
cvrong08067.ogg
cvrong10001.ogg
cvrong10002.ogg
cvrong10003.ogg
cvrong10004.ogg
cvrong10006.ogg
cvrong10007.ogg
cvrong10008.ogg
cvrong10009.ogg
cvrong10010.ogg
cvrong10011.ogg
cvrong10012.ogg
cvrong10013.ogg
cvrong10014.ogg
cvrong10015.ogg
cvrong10016.ogg
cvrong10017.ogg
cvrong10018.ogg
cvrong10019.ogg
cvrong10020.ogg
cvrong10021.ogg
cvrong10022.ogg
cvrong10023.ogg
cvrong10024.ogg
cvrong10025.ogg
cvrong10026.ogg
cvrong10027.ogg
cvrong10028.ogg
cvrong10029.ogg
cvrong10030.ogg
cvrong10031.ogg
cvrong10032.ogg
cvrong10033.ogg
cvrong10034.ogg
cvrong10035.ogg
cvrong10036.ogg
cvrong10037.ogg
cvrong10038.ogg
cvrong10039.ogg
cvrong10040.ogg
cvrong10041.ogg
cvrong10042.ogg
cvrong10043.ogg
cvrong10044.ogg
cvrong10045.ogg
cvrong10046.ogg
cvrong10047.ogg
cvrong10048.ogg
cvrong10049.ogg
cvrong10050.ogg
cvrong10051.ogg
cvrong10052.ogg
cvrong10053.ogg
cvrong10053a.ogg
cvrong10054.ogg
cvrong10055.ogg
cvrong10056.ogg
cvrong10057.ogg
cvrong10058.ogg
cvrong10059.ogg
cvrong10060.ogg
cvrong10061.ogg
cvrong10062.ogg
cvrong10063.ogg
cvrong10064.ogg
cvrong10065.ogg
cvrong10066.ogg
cvrong10067.ogg
cvrong10068.ogg
cvrong10069.ogg
cvrong10070.ogg
cvrong10071.ogg
cvrong10072.ogg
cvrong10073.ogg
cvrong10074.ogg
cvrong10075.ogg
cvrong10076.ogg
cvrong10077.ogg
cvrong10078.ogg
cvrong10079.ogg
cvrong10080.ogg
cvrong10081.ogg
cvrong10082.ogg
cvrong10083.ogg
cvrong10084.ogg
cvrong10085.ogg
cvrong10086.ogg
cvrong10087.ogg
cvrong10088.ogg
cvrong10089.ogg
cvrong12001.ogg
cvrong12002.ogg
cvrong12003.ogg
cvrong12004.ogg
cvrong12005.ogg
cvrong12006.ogg
cvrong12007.ogg
cvrong12008.ogg
cvrong12009.ogg
cvrong12010.ogg
cvrong12012.ogg
cvrong12013.ogg
cvrong12014.ogg
cvrong12015.ogg
cvrong12016.ogg
cvrong12017.ogg
cvrong12018.ogg
cvrong12019.ogg
cvrong12020.ogg
cvrong12021.ogg
cvrong12022.ogg
cvrong12023.ogg
cvrong12024.ogg
cvrong12025.ogg
cvrong12026.ogg
cvrong12027.ogg
cvrong12028.ogg
cvrong12029.ogg
cvrong12030.ogg
cvrong12031.ogg
cvrong12032.ogg
cvrong12033.ogg
cvrong12034.ogg
cvrong12035.ogg
cvrong14001.ogg
cvrong14002.ogg
cvrong14003.ogg
cvrong14005.ogg
cvrong14006.ogg
cvrong14007.ogg
cvrong14008.ogg
cvrong14009.ogg
cvrong14010.ogg
cvrong14011.ogg
cvrong14012.ogg
cvrong14013.ogg
cvrong14014.ogg
cvrong14015.ogg
cvrong14016.ogg
cvrong14017.ogg
cvrong14018.ogg
cvrong14019.ogg
cvrong14020.ogg
cvrong14021.ogg
cvrong14022.ogg
cvrong14023.ogg
cvrong14024.ogg
cvrong14025.ogg
cvrong14026.ogg
cvrong14027.ogg
cvrong14028.ogg
cvrong14032.ogg
cvrong14033.ogg
cvrong14034.ogg
cvrong14035.ogg
cvrong14036.ogg
cvrong14037.ogg
cvrong14038.ogg
cvrong14e001.ogg
cvrong14e003.ogg
cvrong14e004.ogg
cvrong14e006.ogg
cvrong14e007.ogg
cvrong14e008.ogg
cvrong14e009.ogg
cvrong14e010.ogg
cvrong14e011.ogg
cvrong14e012.ogg
cvrong14e013.ogg
cvrong14e014.ogg
cvrong14e015.ogg
cvrong14e016.ogg
cvrong14e017.ogg
cvrong14e018.ogg
cvrong14e019.ogg
cvrong14e020.ogg
cvrong14e021.ogg
cvrong14e022.ogg
cvrong14e023.ogg
cvrong14e024.ogg
cvrong14e025.ogg
cvrong14e026.ogg
cvrong14e027.ogg
cvrong14e028.ogg
cvrong14e029.ogg
cvrong14e030.ogg
cvrong14e031.ogg
cvrong14e032.ogg
cvrong14e033.ogg
cvrong14e034.ogg
cvrong14e035.ogg
cvrong14e036.ogg
cvrong14e037.ogg
cvrong14e038.ogg
cvrong14e039.ogg
cvrong14e040.ogg
cvrong14e041.ogg
cvrong14e042.ogg
cvrong14e043.ogg
cvrong14e044.ogg
cvrong14e045.ogg
cvrong14e046.ogg
cvrong14e047.ogg
cvrong14e048.ogg
cvrong14e049.ogg
cvrong14e050.ogg
cvrong14e051.ogg
cvrong14e052.ogg
cvrong14e053.ogg
cvrong14e054.ogg
cvrong14e055.ogg
cvrong14e056.ogg
cvrong14e057.ogg
cvrong14e058.ogg
cvrong14e060.ogg
cvrong14e061.ogg
cvrong14e062.ogg
cvrong14e063.ogg
cvrong14e064.ogg
cvrong14e065.ogg
cvrong14e066.ogg
cvrong14e067.ogg
cvrong14e068.ogg
cvrong14e069.ogg
cvrong14e070.ogg
cvrong14e071.ogg
cvrong14e072.ogg
cvrong14e073.ogg
cvrong14e074.ogg
cvrong14e075.ogg
cvrong14e077.ogg
cvrong14e078.ogg
cvrong15001.ogg
cvrong15002.ogg
cvrong15003.ogg
cvrong15004.ogg
cvrong15005.ogg
cvrong15006.ogg
cvrong15007.ogg
cvrong15008.ogg
cvrong15009.ogg
cvrong15010.ogg
cvrong15011.ogg
cvrong15012.ogg
cvrong15013.ogg
cvrong15014.ogg
cvrong15015.ogg
cvrong15016.ogg
cvrong15017.ogg
cvrong15018.ogg
cvrong15019.ogg
cvrong15020.ogg
cvrong15021.ogg
cvrong15022.ogg
cvrong15023.ogg
cvrong15024.ogg
cvrong15025.ogg
cvrong15026.ogg
cvrong15027.ogg
cvrong15028.ogg
cvrong15029.ogg
cvrong15030.ogg
cvrong15031.ogg
cvrong15032.ogg
cvrong15033.ogg
cvrong15034.ogg
cvrong15035.ogg
cvrong15036.ogg
cvrong15037.ogg
cvrong15038.ogg
cvrong15039.ogg
cvrong15040.ogg
cvrong15041.ogg
cvrong15042.ogg
cvrong15043.ogg
cvrong15044.ogg
cvrong15045.ogg
cvrong15046.ogg
cvrong15047.ogg
cvrong15048.ogg
cvrong15049.ogg
cvrong15050.ogg
cvrong15051.ogg
cvrong15053.ogg
cvrong15054.ogg
cvrong15055.ogg
cvrong15056.ogg
cvrong15057.ogg
cvrong15058.ogg
cvrong15059.ogg
cvrong15060.ogg
cvrong15061.ogg
cvrong15062.ogg
cvrong15063.ogg
cvrong15064.ogg
cvrong15065.ogg
cvrong15066.ogg
cvrong15067.ogg
cvrong15068.ogg
cvrong15069.ogg
cvrong15070.ogg
cvrong15071.ogg
cvrong16001.ogg
cvrong16002.ogg
cvrong16004.ogg
cvrong16005.ogg
cvrong16006.ogg
cvrong16007.ogg
cvrong16009.ogg
cvrong16010.ogg
cvrong16011.ogg
cvrong16012.ogg
cvrong16013.ogg
cvrong16014.ogg
cvrong16015.ogg
cvrong16016.ogg
cvrong16017.ogg
cvrong16018.ogg
cvrong16019.ogg
cvrong16020.ogg
cvrong16021.ogg
cvrong16022.ogg
cvrong16023.ogg
cvrong16024.ogg
cvrong16025.ogg
cvrong16026.ogg
cvrong16027.ogg
cvrong16028.ogg
cvrong16029.ogg
cvrong16030.ogg
cvrong16031.ogg
cvrong16032.ogg
cvrong16033.ogg
cvrong16034.ogg
cvrong16035.ogg
cvrong16036.ogg
cvrong16037.ogg
cvrong16038.ogg
cvrong16039.ogg
cvrong16040.ogg
cvrong16041.ogg
cvrong16042.ogg
cvrong16043.ogg
cvrong16044.ogg
cvrong16045.ogg
cvrong16046.ogg
cvrong16047.ogg
cvrong16048.ogg
cvrong16049.ogg
cvrong16051.ogg
cvrong17001.ogg
cvrong17002.ogg
cvrong17003.ogg
cvrong17004.ogg
cvrong17005.ogg
cvrong17006.ogg
cvrong17007.ogg
cvrong17008.ogg
cvrong17009.ogg
cvrong17010.ogg
cvrong17011.ogg
cvrong17012.ogg
cvrong17013.ogg
cvrong17014.ogg
cvrong17015.ogg
cvrong17016.ogg
cvrong17017.ogg
cvrong17018.ogg
cvrong17019.ogg
cvrong17020.ogg
cvrong17021.ogg
cvrong17023.ogg
cvrong17025.ogg
cvrong17026.ogg
cvrong17027.ogg
cvrong17028.ogg
cvrong17029.ogg
cvrong17030.ogg
cvrong17031.ogg
cvrong17032.ogg
cvrong17033.ogg
cvrong17034.ogg
cvrong17035.ogg
cvrong17036.ogg
cvrong17037.ogg
cvrong17038.ogg
cvrong17039.ogg
cvrong17040.ogg
cvrong17041.ogg
cvrong17042.ogg
cvrong17043.ogg
cvrong17044.ogg
cvrong17045.ogg
cvrong17047.ogg
cvrong17048.ogg
cvrong17049.ogg
cvrong17050.ogg
cvrong17051.ogg
cvrong17052.ogg
cvrong17053.ogg
cvrong17054.ogg
cvrong17055.ogg
cvrong17058.ogg
cvrong17059.ogg
cvrong19001.ogg
cvrong19002.ogg
cvrong19003.ogg
cvrong19004.ogg
cvrong19005.ogg
cvrong19006.ogg
cvrong19007.ogg
cvrong19008.ogg
cvrong19009.ogg
cvrong19010.ogg
cvrong19011.ogg
cvrong19012.ogg
cvrong19013.ogg
cvrong19013a.ogg
cvrong19014.ogg
cvrong19015.ogg
cvrong19016.ogg
cvrong19017.ogg
cvrong19018.ogg
cvrong19019.ogg
cvrong19020.ogg
cvrong19022.ogg
cvrong19023.ogg
cvrong19024.ogg
cvrong19025.ogg
cvrong19026.ogg
cvrong19027.ogg
cvrong19028.ogg
cvrong19029.ogg
cvrong19030.ogg
cvrong19031.ogg
cvrong19032.ogg
cvrong19033.ogg
cvrong19034.ogg
cvrong19035.ogg
cvrong19036.ogg
cvrong19037.ogg
cvrong19038.ogg
cvrong19039.ogg
cvrong19040.ogg
cvrong19041.ogg
cvrong19042.ogg
cvrong19043.ogg
cvrong19044.ogg
cvrong19045.ogg
cvrong19046.ogg
cvrong19047.ogg
cvrong19048.ogg
cvrong19049.ogg
cvrong19050.ogg
cvrong19051.ogg
cvrong19052.ogg
cvrong19053.ogg
cvrong19054.ogg
cvrong19055.ogg
cvrong19056.ogg
cvrong19057.ogg
cvrong19058.ogg
cvrong19059.ogg
cvrong19060.ogg
cvrong19061.ogg
cvrong19062.ogg
cvrong19063.ogg
cvrong19064.ogg
cvrong19065.ogg
cvrong19066.ogg
cvrong19067.ogg
cvrong19068.ogg
cvrong19069.ogg
cvrong19070.ogg
cvrong19071.ogg
cvrong19072.ogg
cvrong19073.ogg
cvrong19074.ogg
cvrong19076.ogg
cvrong19077.ogg
cvrong19078.ogg
cvrong19079.ogg
cvrong19080.ogg
cvrong19081.ogg
cvrong19082.ogg
cvrong19083.ogg
cvrong19084.ogg
cvrong19085.ogg
cvrong19086.ogg
cvrong19087.ogg
cvrong19088.ogg
cvrong19089.ogg
cvrong19090.ogg
cvrong19091.ogg
cvrong19092.ogg
cvrong19093.ogg
cvwomana15001.ogg
cvwomana15002.ogg
cvwomana15003.ogg
cvwomana15004.ogg
cvwomana15005.ogg
cvwomana15006.ogg
cvwomana15007.ogg
cvwomana15008.ogg
cvwomana15009.ogg
cvwomanc15001.ogg
cvwomanc15002.ogg
cvwomanc15003.ogg
cvwomanc15004.ogg
cvwomanc15005.ogg
cvwomanc15006.ogg
cvwomanc15007.ogg
cvwomand15001.ogg
cvwomand15002.ogg
cvwomand15003.ogg
cvwomand15004.ogg
cvwomand15005.ogg
cvwomand15006.ogg
cvwomand15007.ogg
cvwomand15008.ogg
cvwomand15009.ogg
cvwomand15010.ogg
cvyujing18001.ogg
cvyujing18002.ogg
cvzhu001.ogg
cvzhu002.ogg
cvzhu003.ogg
cvzhu004.ogg
cvzhu005.ogg
cvzhu006.ogg
dia_button_01.png
dia_button_02.png
dia_button_03.png
dia_button_04.png
dia_button_05.png
dia_button_06.png
dia_button_07.png
dia_button_08.png
dia_button_on_01.png
dia_button_on_02.png
dia_button_on_03.png
dia_button_on_04.png
dia_button_on_05.png
dia_button_on_06.png
dia_button_on_07.png
dia_button_on_08.png
dia_frame_large.png
dia_frame_small.png
dialog_no_normal.png
dialog_no_over.png
dialog_yes_normal.png
dialog_yes_over.png
diobgm01.ogg
diobgm02.ogg
diobgm03.ogg
diobgm04.ogg
diobgm05.ogg
diobgm06.ogg
diobgm07.ogg
diobgm08.ogg
diobgm09.ogg
diobgm10.ogg
diobgmsp.ogg
door.wav
door1.wav
empty.png
excgfig001.png
excgfig002.png
excgfig003.png
excgfig004.png
extra_bgmbutton_normal.png
extra_bgmbutton_over.png
face_setting_sample.png
fall.wav
fall1.wav
fire.wav
fire1.wav
font_18.tft
font_20.tft
font_22.tft
font_24.tft
fubuki.wav
gf11_dia_frame_full.png
gf11_dia_frame_samll.png
gf11_diabtt_askno1.png
gf11_diabtt_askno2.png
gf11_diabtt_askno3.png
gf11_diabtt_askyes1.png
gf11_diabtt_askyes2.png
gf11_diabtt_askyes3.png
gf11_diabtt_auto1.png
gf11_diabtt_auto2.png
gf11_diabtt_auto3.png
gf11_diabtt_back1.png
gf11_diabtt_back2.png
gf11_diabtt_back3.png
gf11_diabtt_exit1.png
gf11_diabtt_exit2.png
gf11_diabtt_exit3.png
gf11_diabtt_history1.png
gf11_diabtt_history2.png
gf11_diabtt_history3.png
gf11_diabtt_home1.png
gf11_diabtt_home2.png
gf11_diabtt_home3.png
gf11_diabtt_load1.png
gf11_diabtt_load2.png
gf11_diabtt_load3.png
gf11_diabtt_minmax.png
gf11_diabtt_minmaxbt.png
gf11_diabtt_samll_alltext1.png
gf11_diabtt_samll_alltext2.png
gf11_diabtt_samll_alltext3.png
gf11_diabtt_samll_full1.png
gf11_diabtt_samll_full2.png
gf11_diabtt_samll_full3.png
gf11_diabtt_samll_readtext1.png
gf11_diabtt_samll_readtext2.png
gf11_diabtt_samll_readtext3.png
gf11_diabtt_samll_windows2.png
gf11_diabtt_save1.png
gf11_diabtt_save2.png
gf11_diabtt_save3.png
gf11_diabtt_skip1.png
gf11_diabtt_skip2.png
gf11_diabtt_skip3.png
gf11_diabtt_sys1.png
gf11_diabtt_sys2.png
gf11_diabtt_sys3.png
gf11_saveload_01.png
gf11_saveload_02.png
gf11_saveload_03.png
gf11_sys_askback.png
gf11_sys_history.png
gf11_sys_load.png
gf11_sys_save.png
gf11_sys_sysback.png
handle.wav
hangthecloth.wav
hangthephone.ogg
hug.wav
intowater.wav
irongate.wav
irongate1.wav
kaizan-system02.wav
knock.wav
knockd1.wav
knockd2.wav
log_play_normal.png
log_play_over.png
logose01.wav
logose02.wav
macro/bgmlist.txt
macro/cglist.txt
macro/endlist.txt
macro/macro_name.ks
macro/macro_self.ks
macro/macro_steam.ks
macro/namelist.tjs
macro/scenario.txt
macro/setting.tjs
macro/start.ks
macro/uibgmmode.tjs
macro/uicgmode.tjs
macro/uidia.tjs
macro/uiendmode.tjs
macro/uihistory.tjs
macro/uiload.tjs
macro/uimenu.tjs
macro/uioption.tjs
macro/uisave.tjs
macro/uisel.tjs
macro/uislpos.tjs
macro/uititle.tjs
macro/uititle_omake.tjs
macro/uiyesno.tjs
mail.wav
mail1.ogg
map/extra_endA_normal.png
map/extra_endA_over.png
map/extra_endB_normal.png
map/extra_endB_over.png
map/herodata.edu
map/notebook.edu
map/omake.map
map/sample.map
menu_button_01.png
menu_button_02.png
menu_button_03.png
menu_button_04.png
menu_button_05.png
menu_button_06.png
menu_button_07.png
menu_button_08.png
menu_button_on_01.png
menu_button_on_02.png
menu_button_on_03.png
menu_button_on_04.png
menu_button_on_05.png
menu_button_on_06.png
menu_button_on_07.png
menu_button_on_08.png
num-0.png
num-1.png
num-2.png
num-3.png
num-4.png
num-5.png
num-6.png
num-7.png
num-8.png
num-9.png
nvl/animplayer.ks
nvl/bgmmode.ks
nvl/cgmode.ks
nvl/endmode.ks
nvl/firefly.ks
nvl/firefly_0.png
nvl/firefly_1.png
nvl/firefly_2.png
nvl/firefly_3.png
nvl/firefly_4.png
nvl/fog.ks
nvl/fog_0.png
nvl/fog_1.png
nvl/fog_2.png
nvl/fog_3.png
nvl/function.ks
nvl/load.ks
nvl/macro.ks
nvl/macro_bgm.ks
nvl/macro_cg.ks
nvl/macro_edu.ks
nvl/macro_end.ks
nvl/macro_map.ks
nvl/macro_play.ks
nvl/macro_sl.ks
nvl/macro_ui.ks
nvl/main_menu.ks
nvl/momiji.ks
nvl/momiji_0.png
nvl/momiji_1.png
nvl/momiji_2.png
nvl/momiji_3.png
nvl/momiji_4.png
nvl/momiji_5.png
nvl/myhistorylayer.tjs
nvl/mysaveloadfunction.tjs
nvl/myyesnodialog.tjs
nvl/oldmovie.ks
nvl/option.ks
nvl/picscroller.ks
nvl/PMultiText.tjs
nvl/rain.ks
nvl/rain_0_0.png
nvl/rain_0_1.png
nvl/rain_0_2.png
nvl/rain_0_3.png
nvl/rclick.ks
nvl/sakura.ks
nvl/sakura_0.png
nvl/sakura_1.png
nvl/sakura_2.png
nvl/sakura_3.png
nvl/sakura_4.png
nvl/sakura_5.png
nvl/save.ks
nvl/snow.ks
nvl/snow_0.png
nvl/snow_1.png
nvl/snow_2.png
nvl/snow_3.png
nvl/snow_4.png
nvl/snowsp_0.png
nvl/snowsp_1.png
nvl/staffroll.ks
nvl/timebar.ks
nvl_logo.jpg
option_button_01.png
option_button_02.png
option_button_03.png
option_button_04.png
option_button_05.png
option_button_06.png
option_button_07.png
option_button_08.png
option_button_on_01.png
option_button_on_02.png
option_button_on_03.png
option_button_on_04.png
option_button_on_05.png
option_button_on_06.png
option_button_on_07.png
option_button_on_08.png
photo.wav
put.wav
rongtit_absp.png
rongtitab_back.png
rongtitbase.png
rongtitbt_album01.png
rongtitbt_album02.png
rongtitbt_album03.png
rongtitbt_exit01.png
rongtitbt_exit02.png
rongtitbt_exit03.png
rongtitbt_load01.png
rongtitbt_load02.png
rongtitbt_load03.png
rongtitbt_start01.png
rongtitbt_start02.png
rongtitbt_start03.png
rongtitbt_sys01.png
rongtitbt_sys02.png
rongtitbt_sys03.png
run.wav
Sample_ASKPANEL.png
Sample_BGD.png
Sample_CG_PANEL.png
sample_cgthum.png
Sample_LOG_PANEL.png
sample_new.png
sample_off.png
sample_on.png
Sample_OPTION_PANEL.png
Sample_PANEL.png
sample_radio_0.png
sample_radio_1.png
sample_sl_button.png
sample_sl_button_blue.png
sample_sl_button_red.png
Sample_SL_PANEL.png
sample_slider.png
sample_sliderbutton.png
sample_sliderbutton_on.png
sample_timebar.png
scbackground01a.png
scbackground01a2.png
scbackground01b.png
scbackground01c.png
scbackground01d.png
scbackground02a.png
scbackground02b.png
scbackground02c.png
scbackground02d.png
scbackground03a.png
scbackground04a.png
scbackground05a.png
scbackground05b.png
scbackground06a.png
scbackground06b.png
scbackground06c.png
scbackground06d.png
scbackground07a.png
scbackground07b.png
scbackground07c.png
scbackground08a.png
scbackground08b.png
scbackground08c.png
scbackground08d.png
scbackground08e.png
scbackground08f.png
scbackground09a.png
scbackground09b.png
scbackground09c.png
scbackground09d.png
scbackground09e.png
scbackground09f.png
scbackground09g.png
scbackground09h.png
scbackground10a.png
scbackground10b.png
scbackground10c.png
scbackground10d.png
scbackground11a.png
scbackground11b.png
scbackground11c.png
scbackground11d.png
scbackground12a.png
scbackground12b.png
scbackground12c.png
scbackground12d.png
scbackground13a.png
scbackground13b.png
scbackground13c.png
scbackground13d.png
scbackground14a.png
scbackground14b.png
scbackground14c.png
scbackground14d.png
scbackground15a.png
scbackground15b.png
scbackground15c.png
scbackground15d.png
scbackground16a.png
scbackground16b.png
scbackground16c.png
scbackground16d.png
scbackground17a.png
scbackground17b.png
scbackground17c.png
scbackground17d.png
scbackground18a.png
scbackground18b.png
scbackground18c.png
scbackground18d.png
scbackground18e.png
scbackground18f.png
scbackground18g.png
scbackground19a.png
scbackground20a.png
scbackground20b.png
scbackground20c.png
scbackground21a.png
scbackground21b.png
scbackground21c.png
scbackground22a.png
scbackground22a2.png
scbackground23a.png
scbackground23b.png
scbackground23c.png
scbackground23d.png
scbackground23d2.png
scbackground24a.png
scbackground25a.png
scbackground25b.png
scbackground26a.png
scbackground26b.png
scbackground26c.png
scbackground26d.png
scbackground26e.png
scbackground26f.png
scbackground27a.png
scbackground27b.png
scbackground28a.png
scbackground28b.png
scbackground28c.png
scbgm01.ogg
scbgm02.ogg
scbgm03.ogg
scbgm04.ogg
scbgm04c.ogg
scbgm05.ogg
scbgm06.ogg
scbgm07.ogg
scbgm09.ogg
scbgm10.ogg
scbgm11.ogg
scenario/about.ks
scenario/afterinit.tjs
scenario/endA.ks
scenario/endB.ks
scenario/first.ks
scenario/other.ks
scenario/other_sample.ks
scenario/override.tjs
scenario/prelogue.ks
scenario/section 01.ks
scenario/section 02.ks
scenario/section 03.ks
scenario/section 04.ks
scenario/section 05.ks
scenario/section 06.ks
scenario/section 07.ks
scenario/section 07end.ks
scenario/section 08.ks
scenario/section 09.ks
scenario/section 10.ks
scenario/section 11.ks
scenario/section 12.ks
scenario/section 13.ks
scenario/section 14.ks
scenario/section 14end.ks
scenario/section 15.ks
scenario/section 16.ks
scenario/section 17.ks
scenario/section 18.ks
scenario/section 19.ks
scenario/section ex.ks
scenario/title.ks
scenario/title_other.ks
scenario_tchinese/prelogue.ks
scenario_tchinese/section 01.ks
scenario_tchinese/section 02.ks
scenario_tchinese/section 03.ks
scenario_tchinese/section 04.ks
scenario_tchinese/section 05.ks
scenario_tchinese/section 06.ks
scenario_tchinese/section 07.ks
scenario_tchinese/section 07end.ks
scenario_tchinese/section 08.ks
scenario_tchinese/section 09.ks
scenario_tchinese/section 10.ks
scenario_tchinese/section 11.ks
scenario_tchinese/section 12.ks
scenario_tchinese/section 13.ks
scenario_tchinese/section 14.ks
scenario_tchinese/section 14end.ks
scenario_tchinese/section 15.ks
scenario_tchinese/section 16.ks
scenario_tchinese/section 17.ks
scenario_tchinese/section 18.ks
scenario_tchinese/section 19.ks
scenario_tchinese/section ex.ks
scfigitem_001.png
scfigjiaoshou_big_000.png
scfigjiaoshou_big_015.png
scfigjiaoshou_sml_000.png
scfigjiaoshou_sml_001.png
scfigjiaoshou_sml_003.png
scfigjiaoshou_sml_004.png
scfigjiaoshou_sml_007.png
scfigjiaoshou_sml_009.png
scfigjiaoshou_sml_012.png
scfigjiaoshou_sml_013.png
scfigjiaoshou_sml_014.png
scfigjiaoshou_sml_015.png
scfigjiaoshou_sml_026.png
scfigjiaoshou_sml_029.png
scfigjiaoshou_sml_030.png
scfigrong_a_big_030.png
scfigrong_a_big_031.png
scfigrong_a_big_046.png
scfigrong_a_big_064.png
scfigrong_a_big_076.png
scfigrong_a_big_077.png
scfigrong_a_big_094.png
scfigrong_a_big_101.png
scfigrong_a_big_104.png
scfigrong_a_big_132.png
scfigrong_a_big_133.png
scfigrong_a_big_134.png
scfigrong_a_big_135.png
scfigrong_a_big_154.png
scfigrong_a_big_178.png
scfigrong_a_big_214.png
scfigrong_a_big_302.png
scfigrong_a_big_303.png
scfigrong_a_big_411.png
scfigrong_a_big_432.png
scfigrong_a_nol_000.png
scfigrong_a_nol_001.png
scfigrong_a_nol_002.png
scfigrong_a_nol_003.png
scfigrong_a_nol_004.png
scfigrong_a_nol_005.png
scfigrong_a_nol_006.png
scfigrong_a_nol_007.png
scfigrong_a_nol_008.png
scfigrong_a_nol_009.png
scfigrong_a_nol_010.png
scfigrong_a_nol_011.png
scfigrong_a_nol_012.png
scfigrong_a_nol_013.png
scfigrong_a_nol_014.png
scfigrong_a_nol_015.png
scfigrong_a_nol_016.png
scfigrong_a_nol_017.png
scfigrong_a_nol_018.png
scfigrong_a_nol_019.png
scfigrong_a_nol_020.png
scfigrong_a_nol_021.png
scfigrong_a_nol_022.png
scfigrong_a_nol_023.png
scfigrong_a_nol_024.png
scfigrong_a_nol_025.png
scfigrong_a_nol_026.png
scfigrong_a_nol_027.png
scfigrong_a_nol_028.png
scfigrong_a_nol_029.png
scfigrong_a_nol_030.png
scfigrong_a_nol_031.png
scfigrong_a_nol_032.png
scfigrong_a_nol_033.png
scfigrong_a_nol_034.png
scfigrong_a_nol_035.png
scfigrong_a_nol_036.png
scfigrong_a_nol_037.png
scfigrong_a_nol_038.png
scfigrong_a_nol_039.png
scfigrong_a_nol_040.png
scfigrong_a_nol_041.png
scfigrong_a_nol_042.png
scfigrong_a_nol_043.png
scfigrong_a_nol_044.png
scfigrong_a_nol_045.png
scfigrong_a_nol_046.png
scfigrong_a_nol_047.png
scfigrong_a_nol_048.png
scfigrong_a_nol_049.png
scfigrong_a_nol_050.png
scfigrong_a_nol_051.png
scfigrong_a_nol_052.png
scfigrong_a_nol_053.png
scfigrong_a_nol_054.png
scfigrong_a_nol_055.png
scfigrong_a_nol_056.png
scfigrong_a_nol_057.png
scfigrong_a_nol_058.png
scfigrong_a_nol_059.png
scfigrong_a_nol_060.png
scfigrong_a_nol_061.png
scfigrong_a_nol_062.png
scfigrong_a_nol_063.png
scfigrong_a_nol_064.png
scfigrong_a_nol_065.png
scfigrong_a_nol_066.png
scfigrong_a_nol_067.png
scfigrong_a_nol_068.png
scfigrong_a_nol_069.png
scfigrong_a_nol_070.png
scfigrong_a_nol_071.png
scfigrong_a_nol_072.png
scfigrong_a_nol_073.png
scfigrong_a_nol_074.png
scfigrong_a_nol_075.png
scfigrong_a_nol_076.png
scfigrong_a_nol_077.png
scfigrong_a_nol_078.png
scfigrong_a_nol_079.png
scfigrong_a_nol_080.png
scfigrong_a_nol_081.png
scfigrong_a_nol_082.png
scfigrong_a_nol_083.png
scfigrong_a_nol_084.png
scfigrong_a_nol_085.png
scfigrong_a_nol_086.png
scfigrong_a_nol_087.png
scfigrong_a_nol_088.png
scfigrong_a_nol_089.png
scfigrong_a_nol_090.png
scfigrong_a_nol_091.png
scfigrong_a_nol_092.png
scfigrong_a_nol_093.png
scfigrong_a_nol_094.png
scfigrong_a_nol_095.png
scfigrong_a_nol_101.png
scfigrong_a_nol_102.png
scfigrong_a_nol_103.png
scfigrong_a_nol_104.png
scfigrong_a_nol_105.png
scfigrong_a_nol_106.png
scfigrong_a_nol_107.png
scfigrong_a_nol_108.png
scfigrong_a_nol_109.png
scfigrong_a_nol_110.png
scfigrong_a_nol_111.png
scfigrong_a_nol_112.png
scfigrong_a_nol_113.png
scfigrong_a_nol_114.png
scfigrong_a_nol_115.png
scfigrong_a_nol_116.png
scfigrong_a_nol_117.png
scfigrong_a_nol_118.png
scfigrong_a_nol_119.png
scfigrong_a_nol_120.png
scfigrong_a_nol_121.png
scfigrong_a_nol_122.png
scfigrong_a_nol_123.png
scfigrong_a_nol_124.png
scfigrong_a_nol_125.png
scfigrong_a_nol_126.png
scfigrong_a_nol_127.png
scfigrong_a_nol_128.png
scfigrong_a_nol_129.png
scfigrong_a_nol_130.png
scfigrong_a_nol_131.png
scfigrong_a_nol_132.png
scfigrong_a_nol_133.png
scfigrong_a_nol_134.png
scfigrong_a_nol_135.png
scfigrong_a_nol_136.png
scfigrong_a_nol_137.png
scfigrong_a_nol_138.png
scfigrong_a_nol_139.png
scfigrong_a_nol_140.png
scfigrong_a_nol_141.png
scfigrong_a_nol_142.png
scfigrong_a_nol_143.png
scfigrong_a_nol_144.png
scfigrong_a_nol_145.png
scfigrong_a_nol_146.png
scfigrong_a_nol_147.png
scfigrong_a_nol_148.png
scfigrong_a_nol_149.png
scfigrong_a_nol_150.png
scfigrong_a_nol_151.png
scfigrong_a_nol_152.png
scfigrong_a_nol_153.png
scfigrong_a_nol_154.png
scfigrong_a_nol_155.png
scfigrong_a_nol_156.png
scfigrong_a_nol_157.png
scfigrong_a_nol_158.png
scfigrong_a_nol_159.png
scfigrong_a_nol_160.png
scfigrong_a_nol_161.png
scfigrong_a_nol_162.png
scfigrong_a_nol_163.png
scfigrong_a_nol_164.png
scfigrong_a_nol_165.png
scfigrong_a_nol_166.png
scfigrong_a_nol_167.png
scfigrong_a_nol_168.png
scfigrong_a_nol_169.png
scfigrong_a_nol_170.png
scfigrong_a_nol_171.png
scfigrong_a_nol_172.png
scfigrong_a_nol_173.png
scfigrong_a_nol_174.png
scfigrong_a_nol_175.png
scfigrong_a_nol_176.png
scfigrong_a_nol_177.png
scfigrong_a_nol_178.png
scfigrong_a_nol_179.png
scfigrong_a_nol_180.png
scfigrong_a_nol_181.png
scfigrong_a_nol_182.png
scfigrong_a_nol_183.png
scfigrong_a_nol_184.png
scfigrong_a_nol_185.png
scfigrong_a_nol_186.png
scfigrong_a_nol_187.png
scfigrong_a_nol_188.png
scfigrong_a_nol_189.png
scfigrong_a_nol_190.png
scfigrong_a_nol_191.png
scfigrong_a_nol_192.png
scfigrong_a_nol_193.png
scfigrong_a_nol_194.png
scfigrong_a_nol_195.png
scfigrong_a_nol_196.png
scfigrong_a_nol_201.png
scfigrong_a_nol_202.png
scfigrong_a_nol_203.png
scfigrong_a_nol_204.png
scfigrong_a_nol_205.png
scfigrong_a_nol_206.png
scfigrong_a_nol_207.png
scfigrong_a_nol_208.png
scfigrong_a_nol_209.png
scfigrong_a_nol_210.png
scfigrong_a_nol_211.png
scfigrong_a_nol_212.png
scfigrong_a_nol_213.png
scfigrong_a_nol_214.png
scfigrong_a_nol_214a.png
scfigrong_a_nol_215.png
scfigrong_a_nol_216.png
scfigrong_a_nol_217.png
scfigrong_a_nol_218.png
scfigrong_a_nol_219.png
scfigrong_a_nol_220.png
scfigrong_a_nol_221.png
scfigrong_a_nol_222.png
scfigrong_a_nol_223.png
scfigrong_a_nol_224.png
scfigrong_a_nol_225.png
scfigrong_a_nol_226.png
scfigrong_a_nol_227.png
scfigrong_a_nol_228.png
scfigrong_a_nol_229.png
scfigrong_a_nol_230.png
scfigrong_a_nol_231.png
scfigrong_a_nol_232.png
scfigrong_a_nol_233.png
scfigrong_a_nol_234.png
scfigrong_a_nol_235.png
scfigrong_a_nol_236.png
scfigrong_a_nol_237.png
scfigrong_a_nol_238.png
scfigrong_a_nol_239.png
scfigrong_a_nol_240.png
scfigrong_a_nol_241.png
scfigrong_a_nol_242.png
scfigrong_a_nol_243.png
scfigrong_a_nol_244.png
scfigrong_a_nol_245.png
scfigrong_a_nol_246.png
scfigrong_a_nol_247.png
scfigrong_a_nol_248.png
scfigrong_a_nol_249.png
scfigrong_a_nol_250.png
scfigrong_a_nol_251.png
scfigrong_a_nol_252.png
scfigrong_a_nol_253.png
scfigrong_a_nol_254.png
scfigrong_a_nol_255.png
scfigrong_a_nol_256.png
scfigrong_a_nol_257.png
scfigrong_a_nol_258.png
scfigrong_a_nol_259.png
scfigrong_a_nol_260.png
scfigrong_a_nol_261.png
scfigrong_a_nol_262.png
scfigrong_a_nol_263.png
scfigrong_a_nol_264.png
scfigrong_a_nol_265.png
scfigrong_a_nol_266.png
scfigrong_a_nol_267.png
scfigrong_a_nol_268.png
scfigrong_a_nol_269.png
scfigrong_a_nol_270.png
scfigrong_a_nol_271.png
scfigrong_a_nol_272.png
scfigrong_a_nol_273.png
scfigrong_a_nol_274.png
scfigrong_a_nol_275.png
scfigrong_a_nol_276.png
scfigrong_a_nol_277.png
scfigrong_a_nol_278.png
scfigrong_a_nol_279.png
scfigrong_a_nol_280.png
scfigrong_a_nol_281.png
scfigrong_a_nol_282.png
scfigrong_a_nol_283.png
scfigrong_a_nol_284.png
scfigrong_a_nol_285.png
scfigrong_a_nol_286.png
scfigrong_a_nol_287.png
scfigrong_a_nol_288.png
scfigrong_a_nol_289.png
scfigrong_a_nol_290.png
scfigrong_a_nol_291.png
scfigrong_a_nol_292.png
scfigrong_a_nol_293.png
scfigrong_a_nol_294.png
scfigrong_a_nol_295.png
scfigrong_a_nol_296.png
scfigrong_a_nol_301.png
scfigrong_a_nol_302.png
scfigrong_a_nol_303.png
scfigrong_a_nol_304.png
scfigrong_a_nol_305.png
scfigrong_a_nol_306.png
scfigrong_a_nol_307.png
scfigrong_a_nol_308.png
scfigrong_a_nol_309.png
scfigrong_a_nol_310.png
scfigrong_a_nol_311.png
scfigrong_a_nol_312.png
scfigrong_a_nol_313.png
scfigrong_a_nol_314.png
scfigrong_a_nol_315.png
scfigrong_a_nol_316.png
scfigrong_a_nol_317.png
scfigrong_a_nol_318.png
scfigrong_a_nol_319.png
scfigrong_a_nol_320.png
scfigrong_a_nol_321.png
scfigrong_a_nol_322.png
scfigrong_a_nol_323.png
scfigrong_a_nol_324.png
scfigrong_a_nol_325.png
scfigrong_a_nol_326.png
scfigrong_a_nol_327.png
scfigrong_a_nol_328.png
scfigrong_a_nol_329.png
scfigrong_a_nol_330.png
scfigrong_a_nol_331.png
scfigrong_a_nol_332.png
scfigrong_a_nol_401.png
scfigrong_a_nol_402.png
scfigrong_a_nol_403.png
scfigrong_a_nol_404.png
scfigrong_a_nol_405.png
scfigrong_a_nol_406.png
scfigrong_a_nol_407.png
scfigrong_a_nol_408.png
scfigrong_a_nol_409.png
scfigrong_a_nol_410.png
scfigrong_a_nol_411.png
scfigrong_a_nol_412.png
scfigrong_a_nol_413.png
scfigrong_a_nol_414.png
scfigrong_a_nol_415.png
scfigrong_a_nol_416.png
scfigrong_a_nol_417.png
scfigrong_a_nol_418.png
scfigrong_a_nol_419.png
scfigrong_a_nol_420.png
scfigrong_a_nol_421.png
scfigrong_a_nol_422.png
scfigrong_a_nol_423.png
scfigrong_a_nol_424.png
scfigrong_a_nol_425.png
scfigrong_a_nol_426.png
scfigrong_a_nol_427.png
scfigrong_a_nol_428.png
scfigrong_a_nol_429.png
scfigrong_a_nol_430.png
scfigrong_a_nol_431.png
scfigrong_a_nol_432.png
scfigrong_a_sml_031.png
scfigrong_a_sml_154.png
scfigrong_a_sml_302.png
scfigrong_a_sml_303.png
scfigrong_a_sml_310.png
scfigrong_a_sml_311.png
scfigrong_a_sml_408.png
scfigrong_a_sml_409.png
scfigrong_a_sml_410.png
scfigrong_a_sml_419.png
scfigrong_a_sml_428.png
scfigrong_a_sml_432.png
scfigrong_c_nol_000.png
scfigrong_c_nol_001.png
scfigrong_c_nol_002.png
scfigrong_c_nol_003.png
scfigrong_c_nol_004.png
scfigrong_c_nol_005.png
scfigrong_c_nol_006.png
scfigrong_c_nol_007.png
scfigrong_c_nol_008.png
scfigrong_c_nol_009.png
scfigrong_c_nol_010.png
scfigrong_c_nol_011.png
scfigrong_c_nol_012.png
scfigrong_c_nol_013.png
scfigrong_c_nol_014.png
scfigrong_c_nol_015.png
scfigrong_c_nol_016.png
scfigrong_c_nol_017.png
scfigrong_c_nol_018.png
scfigrong_c_nol_019.png
scfigrong_c_nol_020.png
scfigrong_c_nol_021.png
scfigrong_c_nol_022.png
scfigrong_c_nol_023.png
scfigrong_c_nol_024.png
scfigrong_c_nol_025.png
scfigrong_c_nol_026.png
scfigrong_c_nol_027.png
scfigrong_c_nol_028.png
scfigrong_c_nol_029.png
scfigrong_c_nol_030.png
scfigrong_c_nol_031.png
scfigrong_c_nol_032.png
scfigrong_c_nol_033.png
scfigrong_c_nol_034.png
scfigrong_c_nol_035.png
scfigrong_c_nol_036.png
scfigrong_c_nol_037.png
scfigrong_c_nol_038.png
scfigrong_c_nol_039.png
scfigrong_c_nol_040.png
scfigrong_c_nol_041.png
scfigrong_c_nol_042.png
scfigrong_c_nol_043.png
scfigrong_c_nol_044.png
scfigrong_c_nol_045.png
scfigrong_c_nol_046.png
scfigrong_c_nol_047.png
scfigrong_c_nol_048.png
scfigrong_c_nol_049.png
scfigrong_c_nol_050.png
scfigrong_c_nol_051.png
scfigrong_c_nol_052.png
scfigrong_c_nol_053.png
scfigrong_c_nol_054.png
scfigrong_c_nol_055.png
scfigrong_c_nol_056.png
scfigrong_c_nol_057.png
scfigrong_c_nol_058.png
scfigrong_c_nol_059.png
scfigrong_c_nol_060.png
scfigrong_c_nol_061.png
scfigrong_c_nol_062.png
scfigrong_c_nol_063.png
scfigrong_c_nol_064.png
scfigrong_c_nol_065.png
scfigrong_c_nol_066.png
scfigrong_c_nol_067.png
scfigrong_c_nol_068.png
scfigrong_c_nol_069.png
scfigrong_c_nol_070.png
scfigrong_c_nol_071.png
scfigrong_c_nol_072.png
scfigrong_c_nol_073.png
scfigrong_c_nol_074.png
scfigrong_c_nol_075.png
scfigrong_c_nol_076.png
scfigrong_c_nol_077.png
scfigrong_c_nol_078.png
scfigrong_c_nol_079.png
scfigrong_c_nol_080.png
scfigrong_c_nol_081.png
scfigrong_c_nol_082.png
scfigrong_c_nol_083.png
scfigrong_c_nol_084.png
scfigrong_c_nol_085.png
scfigrong_c_nol_086.png
scfigrong_c_nol_087.png
scfigrong_c_nol_088.png
scfigrong_c_nol_089.png
scfigrong_c_nol_090.png
scfigrong_c_nol_091.png
scfigrong_c_nol_092.png
scfigrong_c_nol_093.png
scfigrong_c_nol_094.png
scfigrong_c_nol_095.png
scfigrong_c_nol_401.png
scfigrong_c_nol_402.png
scfigrong_c_nol_403.png
scfigrong_c_nol_404.png
scfigrong_c_nol_405.png
scfigrong_c_nol_406.png
scfigrong_c_nol_407.png
scfigrong_c_nol_408.png
scfigrong_c_nol_409.png
scfigrong_c_nol_410.png
scfigrong_c_nol_411.png
scfigrong_c_nol_412.png
scfigrong_c_nol_413.png
scfigrong_c_nol_414.png
scfigrong_c_nol_415.png
scfigrong_c_nol_416.png
scfigrong_c_nol_417.png
scfigrong_c_nol_418.png
scfigrong_c_nol_419.png
scfigrong_c_nol_420.png
scfigrong_c_nol_421.png
scfigrong_c_nol_422.png
scfigrong_c_nol_423.png
scfigrong_c_nol_424.png
scfigrong_c_nol_425.png
scfigrong_c_nol_426.png
scfigrong_c_nol_427.png
scfigrong_c_nol_428.png
scfigrong_c_nol_429.png
scfigrong_c_nol_430.png
scfigrong_c_nol_431.png
scfigrong_c_nol_432.png
scfigrong_c_sml_031.png
scfigrong_x_big_031.png
scfigrong_x_big_032.png
scfigrong_x_big_033.png
scoppvmp4.wmv
sd001.ogg
sd002.ogg
select_button_normal.png
select_button_on.png
seposhui.ogg
sezcisha.ogg
sezhuangmen.ogg
shock.wav
silp.wav
slap.wav
spexcg001.png
spexcg002.png
spexcg003.png
spexcg004.png
spexcg005.png
spexcg006.png
spexcg007.png
spexcg008.png
spexcg009.png
spexcg010.png
spexcg011.png
spexcg012.png
spexcg013.png
spexcg014.png
spexcg015.png
spexcg016.png
spexcg017.png
spexcg018.png
spexcg019.png
spexcg020.png
spexcg021.png
spexcg022.png
spexcg023.png
spexfig.png
spexfig2.png
spexfig3.png
startup.tjs
system/action.tjs
system/affinelayer.tjs
system/animationlayer.tjs
system/autolabel.ks
system/bgm.tjs
system/buttonlayer.tjs
system/check.png
system/CheckBoxLayer.tjs
system/conductor.tjs
system/defaultmover.tjs
system/dialoglayer.tjs
system/EditLayer.tjs
system/ExecDialog.tjs
system/graphiclayer.tjs
system/historylayer.tjs
system/initialize.tjs
system/KAGEnvBaseLayer.tjs
system/KAGEnvBGM.tjs
system/KAGEnvCharacter.tjs
system/KAGEnvImage.tjs
system/KAGEnvironment.tjs
system/KAGEnvLayer.tjs
system/KAGEnvLevelLayer.tjs
system/KAGEnvSE.tjs
system/KAGEnvSimpleLayer.tjs
system/kaglayer.tjs
system/layerex.tjs
system/linebreak.asd
system/linebreak.png
system/linebreak_a.png
system/mainwindow.tjs
system/mapselectlayer.tjs
system/menus.tjs
system/messagelayer.tjs
system/movie.tjs
system/pagebreak.asd
system/pagebreak.png
system/pagebreak_a.png
system/plugin.tjs
system/se.tjs
system/selectlayer.tjs
system/sliderlayer.tjs
system/TextTransConfig.tjs
system/translayer.tjs
system/UILoader.tjs
system/updateconfig.tjs
system/utils.tjs
system/Utils_graphics.tjs
system/world.ks
system/world.tjs
system/YAML.tjs
system/yesnodialog.tjs
systitbase01.png
systitbase02.png
systitbase03.png
systitbase04.png
thing.wav
thing1.wav
title_button_01.png
title_button_02.png
title_button_03.png
title_button_04.png
title_button_05.png
title_button_06.png
title_button_07.png
title_button_08.png
title_button_09.png
title_button_on_01.png
title_button_on_02.png
title_button_on_03.png
title_button_on_04.png
title_button_on_05.png
title_button_on_06.png
title_button_on_07.png
title_button_on_08.png
title_button_on_09.png
touch.wav
ui/cbcg01a_000_thum.png
ui/cbcg01a_000_thum_over.png
ui/cbcg02a_029_thum.png
ui/cbcg02a_029_thum_over.png
ui/cbcg04a_000_thum.png
ui/cbcg04a_000_thum_over.png
ui/cbcg06a_034_thum.png
ui/cbcg06a_034_thum_over.png
ui/cbcg07a_003_thum.png
ui/cbcg07a_003_thum_over.png
ui/cbcg08a_12_thum.png
ui/cbcg08a_12_thum_over.png
ui/cbcgold101_thum.png
ui/cbcgold101_thum_over.png
ui/cbcgold201_thum.png
ui/cbcgold201_thum_over.png
ui/cbcgold301_thum.png
ui/cbcgold301_thum_over.png
ui/excgfig001_thum.png
ui/excgfig001_thum_over.png
ui/excgfig003_thum.png
ui/excgfig003_thum_over.png
ui/excgfig004_thum.png
ui/excgfig004_thum_over.png
walkinsnow.wav
water.wav
water2.ogg
white.png
wind.wav
wood.wav
wood1.wav
zip.wav